[2019-08-26T02:41:15.878+0300][0.005s][debug][gc] ConcGCThreads: 0
[2019-08-26T02:41:15.878+0300][0.005s][debug][gc] ParallelGCThreads: 4
[2019-08-26T02:41:15.878+0300][0.006s][info ][gc] Using Concurrent Mark Sweep
[2019-08-26T02:41:30.969+0300][15.096s][info ][gc] GC(0) Pause Young (Allocation Failure) 136M->113M(494M) 441.582ms
[2019-08-26T02:41:58.180+0300][42.308s][info ][gc] GC(1) Pause Young (Allocation Failure) 249M->206M(494M) 165.723ms
[2019-08-26T02:41:58.192+0300][42.319s][info ][gc] GC(2) Pause Initial Mark 210M->210M(494M) 11.481ms
[2019-08-26T02:41:58.192+0300][42.320s][info ][gc] GC(2) Concurrent Mark
[2019-08-26T02:41:58.343+0300][42.471s][debug][gc] GC(2) Concurrent active time: 0.151ms
[2019-08-26T02:41:58.343+0300][42.471s][info ][gc] GC(2) Concurrent Mark 151.365ms
[2019-08-26T02:41:58.343+0300][42.471s][info ][gc] GC(2) Concurrent Preclean
[2019-08-26T02:41:58.364+0300][42.491s][debug][gc] GC(2) Concurrent active time: 0.020ms
[2019-08-26T02:41:58.364+0300][42.491s][info ][gc] GC(2) Concurrent Preclean 20.553ms
[2019-08-26T02:41:58.364+0300][42.491s][info ][gc] GC(2) Concurrent Abortable Preclean
[2019-08-26T02:42:03.447+0300][47.574s][debug][gc] GC(2)  CMS: abort preclean due to time 
[2019-08-26T02:42:03.447+0300][47.574s][debug][gc] GC(2) Concurrent active time: 5.083ms
[2019-08-26T02:42:03.447+0300][47.574s][info ][gc] GC(2) Concurrent Abortable Preclean 5082.575ms
[2019-08-26T02:42:03.447+0300][47.574s][debug][gc] GC(2) YG occupancy: 32336 K (157248 K)
[2019-08-26T02:42:03.454+0300][47.580s][info ][gc] GC(2) Pause Remark 221M->221M(494M) 6.197ms
[2019-08-26T02:42:03.454+0300][47.580s][info ][gc] GC(2) Concurrent Sweep
[2019-08-26T02:42:03.501+0300][47.628s][debug][gc] GC(2) Concurrent active time: 0.047ms
[2019-08-26T02:42:03.501+0300][47.628s][info ][gc] GC(2) Concurrent Sweep 47.170ms
[2019-08-26T02:42:03.501+0300][47.628s][info ][gc] GC(2) Concurrent Reset
[2019-08-26T02:42:03.501+0300][47.628s][debug][gc] GC(2) Concurrent active time: 0.000ms
[2019-08-26T02:42:03.501+0300][47.628s][info ][gc] GC(2) Concurrent Reset 0.274ms
[2019-08-26T02:42:05.508+0300][49.635s][info ][gc] GC(3) Pause Initial Mark 227M->227M(494M) 5.212ms
[2019-08-26T02:42:05.508+0300][49.635s][info ][gc] GC(3) Concurrent Mark
[2019-08-26T02:42:05.654+0300][49.781s][debug][gc] GC(3) Concurrent active time: 0.146ms
[2019-08-26T02:42:05.654+0300][49.781s][info ][gc] GC(3) Concurrent Mark 146.329ms
[2019-08-26T02:42:05.654+0300][49.781s][info ][gc] GC(3) Concurrent Preclean
[2019-08-26T02:42:05.676+0300][49.803s][debug][gc] GC(3) Concurrent active time: 0.022ms
[2019-08-26T02:42:05.676+0300][49.803s][info ][gc] GC(3) Concurrent Preclean 21.667ms
[2019-08-26T02:42:05.676+0300][49.803s][info ][gc] GC(3) Concurrent Abortable Preclean
[2019-08-26T02:42:10.810+0300][54.937s][debug][gc] GC(3)  CMS: abort preclean due to time 
[2019-08-26T02:42:10.810+0300][54.937s][debug][gc] GC(3) Concurrent active time: 5.134ms
[2019-08-26T02:42:10.810+0300][54.937s][info ][gc] GC(3) Concurrent Abortable Preclean 5133.905ms
[2019-08-26T02:42:10.812+0300][54.939s][debug][gc] GC(3) YG occupancy: 49404 K (157248 K)
[2019-08-26T02:42:10.824+0300][54.951s][info ][gc] GC(3) Pause Remark 237M->237M(494M) 12.901ms
[2019-08-26T02:42:10.825+0300][54.952s][info ][gc] GC(3) Concurrent Sweep
[2019-08-26T02:42:10.868+0300][54.995s][debug][gc] GC(3) Concurrent active time: 0.044ms
[2019-08-26T02:42:10.868+0300][54.995s][info ][gc] GC(3) Concurrent Sweep 43.886ms
[2019-08-26T02:42:10.868+0300][54.995s][info ][gc] GC(3) Concurrent Reset
[2019-08-26T02:42:10.869+0300][54.996s][debug][gc] GC(3) Concurrent active time: 0.000ms
[2019-08-26T02:42:10.869+0300][54.996s][info ][gc] GC(3) Concurrent Reset 0.244ms
[2019-08-26T02:42:12.877+0300][57.004s][info ][gc] GC(4) Pause Initial Mark 240M->240M(494M) 6.763ms
[2019-08-26T02:42:12.877+0300][57.005s][info ][gc] GC(4) Concurrent Mark
[2019-08-26T02:42:13.020+0300][57.147s][debug][gc] GC(4) Concurrent active time: 0.143ms
[2019-08-26T02:42:13.020+0300][57.147s][info ][gc] GC(4) Concurrent Mark 142.576ms
[2019-08-26T02:42:13.020+0300][57.147s][info ][gc] GC(4) Concurrent Preclean
[2019-08-26T02:42:13.042+0300][57.169s][debug][gc] GC(4) Concurrent active time: 0.022ms
[2019-08-26T02:42:13.042+0300][57.169s][info ][gc] GC(4) Concurrent Preclean 21.998ms
[2019-08-26T02:42:13.042+0300][57.169s][info ][gc] GC(4) Concurrent Abortable Preclean
[2019-08-26T02:42:18.197+0300][62.323s][debug][gc] GC(4)  CMS: abort preclean due to time 
[2019-08-26T02:42:18.197+0300][62.323s][debug][gc] GC(4) Concurrent active time: 5.154ms
[2019-08-26T02:42:18.197+0300][62.323s][info ][gc] GC(4) Concurrent Abortable Preclean 5153.798ms
[2019-08-26T02:42:18.197+0300][62.323s][debug][gc] GC(4) YG occupancy: 62870 K (157248 K)
[2019-08-26T02:42:18.212+0300][62.338s][info ][gc] GC(4) Pause Remark 250M->250M(494M) 15.154ms
[2019-08-26T02:42:18.212+0300][62.338s][info ][gc] GC(4) Concurrent Sweep
[2019-08-26T02:42:18.258+0300][62.385s][debug][gc] GC(4) Concurrent active time: 0.046ms
[2019-08-26T02:42:18.258+0300][62.385s][info ][gc] GC(4) Concurrent Sweep 46.268ms
[2019-08-26T02:42:18.258+0300][62.385s][info ][gc] GC(4) Concurrent Reset
[2019-08-26T02:42:18.259+0300][62.385s][debug][gc] GC(4) Concurrent active time: 0.000ms
[2019-08-26T02:42:18.259+0300][62.385s][info ][gc] GC(4) Concurrent Reset 0.322ms
[2019-08-26T02:42:20.268+0300][64.394s][info ][gc] GC(5) Pause Initial Mark 253M->253M(494M) 9.444ms
[2019-08-26T02:42:20.268+0300][64.395s][info ][gc] GC(5) Concurrent Mark
[2019-08-26T02:42:20.414+0300][64.540s][debug][gc] GC(5) Concurrent active time: 0.145ms
[2019-08-26T02:42:20.414+0300][64.540s][info ][gc] GC(5) Concurrent Mark 145.496ms
[2019-08-26T02:42:20.414+0300][64.540s][info ][gc] GC(5) Concurrent Preclean
[2019-08-26T02:42:20.438+0300][64.565s][debug][gc] GC(5) Concurrent active time: 0.025ms
[2019-08-26T02:42:20.438+0300][64.565s][info ][gc] GC(5) Concurrent Preclean 24.748ms
[2019-08-26T02:42:20.438+0300][64.565s][info ][gc] GC(5) Concurrent Abortable Preclean
[2019-08-26T02:42:25.479+0300][69.606s][debug][gc] GC(5)  CMS: abort preclean due to time 
[2019-08-26T02:42:25.479+0300][69.606s][debug][gc] GC(5) Concurrent active time: 5.041ms
[2019-08-26T02:42:25.479+0300][69.606s][info ][gc] GC(5) Concurrent Abortable Preclean 5041.138ms
[2019-08-26T02:42:25.479+0300][69.606s][debug][gc] GC(5) YG occupancy: 76336 K (157248 K)
[2019-08-26T02:42:25.490+0300][69.617s][info ][gc] GC(5) Pause Remark 263M->263M(494M) 10.883ms
[2019-08-26T02:42:25.490+0300][69.617s][info ][gc] GC(5) Concurrent Sweep
[2019-08-26T02:42:25.534+0300][69.661s][debug][gc] GC(5) Concurrent active time: 0.044ms
[2019-08-26T02:42:25.534+0300][69.661s][info ][gc] GC(5) Concurrent Sweep 43.784ms
[2019-08-26T02:42:25.534+0300][69.661s][info ][gc] GC(5) Concurrent Reset
[2019-08-26T02:42:25.534+0300][69.661s][debug][gc] GC(5) Concurrent active time: 0.000ms
[2019-08-26T02:42:25.534+0300][69.661s][info ][gc] GC(5) Concurrent Reset 0.233ms
[2019-08-26T02:42:27.547+0300][71.674s][info ][gc] GC(6) Pause Initial Mark 269M->269M(494M) 11.147ms
[2019-08-26T02:42:27.547+0300][71.674s][info ][gc] GC(6) Concurrent Mark
[2019-08-26T02:42:27.693+0300][71.820s][debug][gc] GC(6) Concurrent active time: 0.147ms
[2019-08-26T02:42:27.693+0300][71.820s][info ][gc] GC(6) Concurrent Mark 146.618ms
[2019-08-26T02:42:27.693+0300][71.820s][info ][gc] GC(6) Concurrent Preclean
[2019-08-26T02:42:27.718+0300][71.845s][debug][gc] GC(6) Concurrent active time: 0.025ms
[2019-08-26T02:42:27.718+0300][71.845s][info ][gc] GC(6) Concurrent Preclean 24.941ms
[2019-08-26T02:42:27.718+0300][71.845s][info ][gc] GC(6) Concurrent Abortable Preclean
[2019-08-26T02:42:32.770+0300][76.897s][debug][gc] GC(6)  CMS: abort preclean due to time 
[2019-08-26T02:42:32.770+0300][76.897s][debug][gc] GC(6) Concurrent active time: 5.051ms
[2019-08-26T02:42:32.770+0300][76.897s][info ][gc] GC(6) Concurrent Abortable Preclean 5051.524ms
[2019-08-26T02:42:32.772+0300][76.899s][debug][gc] GC(6) YG occupancy: 143885 K (157248 K)
[2019-08-26T02:42:32.824+0300][76.951s][info ][gc] GC(6) Pause Remark 329M->329M(494M) 52.809ms
[2019-08-26T02:42:32.825+0300][76.952s][info ][gc] GC(6) Concurrent Sweep
[2019-08-26T02:42:32.871+0300][76.998s][debug][gc] GC(6) Concurrent active time: 0.046ms
[2019-08-26T02:42:32.871+0300][76.998s][info ][gc] GC(6) Concurrent Sweep 46.527ms
[2019-08-26T02:42:32.871+0300][76.998s][info ][gc] GC(6) Concurrent Reset
[2019-08-26T02:42:32.871+0300][76.998s][debug][gc] GC(6) Concurrent active time: 0.000ms
[2019-08-26T02:42:32.871+0300][76.998s][info ][gc] GC(6) Concurrent Reset 0.266ms
[2019-08-26T02:42:34.959+0300][79.085s][info ][gc] GC(7) Pause Initial Mark 332M->332M(494M) 84.232ms
[2019-08-26T02:42:34.959+0300][79.085s][info ][gc] GC(7) Concurrent Mark
[2019-08-26T02:42:35.101+0300][79.227s][debug][gc] GC(7) Concurrent active time: 0.142ms
[2019-08-26T02:42:35.101+0300][79.227s][info ][gc] GC(7) Concurrent Mark 142.132ms
[2019-08-26T02:42:35.101+0300][79.227s][info ][gc] GC(7) Concurrent Preclean
[2019-08-26T02:42:35.101+0300][79.227s][debug][gc] GC(7) Concurrent active time: 0.000ms
[2019-08-26T02:42:35.101+0300][79.227s][info ][gc] GC(7) Concurrent Preclean 0.310ms
[2019-08-26T02:42:35.101+0300][79.227s][info ][gc] GC(7) Concurrent Abortable Preclean
[2019-08-26T02:42:40.146+0300][84.272s][debug][gc] GC(7)  CMS: abort preclean due to time 
[2019-08-26T02:42:40.146+0300][84.272s][debug][gc] GC(7) Concurrent active time: 2.956ms
[2019-08-26T02:42:40.146+0300][84.272s][info ][gc] GC(7) Concurrent Abortable Preclean 5044.801ms
[2019-08-26T02:42:40.146+0300][84.272s][debug][gc] GC(7) YG occupancy: 154659 K (157248 K)
[2019-08-26T02:42:40.199+0300][84.326s][info ][gc] GC(7) Pause Remark 340M->340M(494M) 53.374ms
[2019-08-26T02:42:40.199+0300][84.326s][info ][gc] GC(7) Concurrent Sweep
[2019-08-26T02:42:40.246+0300][84.373s][debug][gc] GC(7) Concurrent active time: 0.047ms
[2019-08-26T02:42:40.246+0300][84.373s][info ][gc] GC(7) Concurrent Sweep 46.905ms
[2019-08-26T02:42:40.246+0300][84.373s][info ][gc] GC(7) Concurrent Reset
[2019-08-26T02:42:40.247+0300][84.373s][debug][gc] GC(7) Concurrent active time: 0.000ms
[2019-08-26T02:42:40.247+0300][84.373s][info ][gc] GC(7) Concurrent Reset 0.323ms
[2019-08-26T02:42:41.671+0300][85.798s][info ][gc] GC(8) Pause Young (Allocation Failure) 307M->308M(494M) 196.589ms
[2019-08-26T02:42:41.675+0300][85.801s][info ][gc] GC(9) Pause Initial Mark 312M->312M(494M) 3.582ms
[2019-08-26T02:42:41.675+0300][85.801s][info ][gc] GC(9) Concurrent Mark
[2019-08-26T02:42:42.092+0300][86.218s][debug][gc] GC(9) Concurrent active time: 0.417ms
[2019-08-26T02:42:42.092+0300][86.218s][info ][gc] GC(9) Concurrent Mark 416.852ms
[2019-08-26T02:42:42.092+0300][86.218s][info ][gc] GC(9) Concurrent Preclean
[2019-08-26T02:42:42.124+0300][86.250s][debug][gc] GC(9) Concurrent active time: 0.032ms
[2019-08-26T02:42:42.124+0300][86.250s][info ][gc] GC(9) Concurrent Preclean 31.992ms
[2019-08-26T02:42:42.124+0300][86.250s][info ][gc] GC(9) Concurrent Abortable Preclean
[2019-08-26T02:42:47.274+0300][91.401s][debug][gc] GC(9)  CMS: abort preclean due to time 
[2019-08-26T02:42:47.274+0300][91.401s][debug][gc] GC(9) Concurrent active time: 5.148ms
[2019-08-26T02:42:47.274+0300][91.401s][info ][gc] GC(9) Concurrent Abortable Preclean 5150.306ms
[2019-08-26T02:42:47.274+0300][91.401s][debug][gc] GC(9) YG occupancy: 29243 K (157248 K)
[2019-08-26T02:42:47.278+0300][91.405s][info ][gc] GC(9) Pause Remark 320M->320M(494M) 4.410ms
[2019-08-26T02:42:47.279+0300][91.405s][info ][gc] GC(9) Concurrent Sweep
[2019-08-26T02:42:47.352+0300][91.479s][debug][gc] GC(9) Concurrent active time: 0.074ms
[2019-08-26T02:42:47.352+0300][91.479s][info ][gc] GC(9) Concurrent Sweep 73.604ms
[2019-08-26T02:42:47.352+0300][91.479s][info ][gc] GC(9) Concurrent Reset
[2019-08-26T02:42:47.353+0300][91.479s][debug][gc] GC(9) Concurrent active time: 0.000ms
[2019-08-26T02:42:47.353+0300][91.479s][info ][gc] GC(9) Concurrent Reset 0.294ms
[2019-08-26T02:42:49.360+0300][93.487s][info ][gc] GC(10) Pause Initial Mark 322M->322M(494M) 4.733ms
[2019-08-26T02:42:49.360+0300][93.487s][info ][gc] GC(10) Concurrent Mark
[2019-08-26T02:42:49.569+0300][93.696s][debug][gc] GC(10) Concurrent active time: 0.208ms
[2019-08-26T02:42:49.569+0300][93.696s][info ][gc] GC(10) Concurrent Mark 208.451ms
[2019-08-26T02:42:49.569+0300][93.696s][info ][gc] GC(10) Concurrent Preclean
[2019-08-26T02:42:49.601+0300][93.728s][debug][gc] GC(10) Concurrent active time: 0.032ms
[2019-08-26T02:42:49.601+0300][93.728s][info ][gc] GC(10) Concurrent Preclean 32.510ms
[2019-08-26T02:42:49.601+0300][93.728s][info ][gc] GC(10) Concurrent Abortable Preclean
[2019-08-26T02:42:54.604+0300][98.730s][debug][gc] GC(10)  CMS: abort preclean due to time 
[2019-08-26T02:42:54.604+0300][98.730s][debug][gc] GC(10) Concurrent active time: 5.002ms
[2019-08-26T02:42:54.604+0300][98.730s][info ][gc] GC(10) Concurrent Abortable Preclean 5001.938ms
[2019-08-26T02:42:54.607+0300][98.733s][debug][gc] GC(10) YG occupancy: 40094 K (157248 K)
[2019-08-26T02:42:54.622+0300][98.748s][info ][gc] GC(10) Pause Remark 330M->330M(494M) 15.124ms
[2019-08-26T02:42:54.622+0300][98.748s][info ][gc] GC(10) Concurrent Sweep
[2019-08-26T02:42:54.696+0300][98.822s][debug][gc] GC(10) Concurrent active time: 0.074ms
[2019-08-26T02:42:54.696+0300][98.822s][info ][gc] GC(10) Concurrent Sweep 73.941ms
[2019-08-26T02:42:54.696+0300][98.822s][info ][gc] GC(10) Concurrent Reset
[2019-08-26T02:42:54.696+0300][98.822s][debug][gc] GC(10) Concurrent active time: 0.000ms
[2019-08-26T02:42:54.696+0300][98.822s][info ][gc] GC(10) Concurrent Reset 0.343ms
[2019-08-26T02:42:56.706+0300][100.832s][info ][gc] GC(11) Pause Initial Mark 333M->333M(494M) 6.282ms
[2019-08-26T02:42:56.706+0300][100.832s][info ][gc] GC(11) Concurrent Mark
[2019-08-26T02:42:56.912+0300][101.038s][debug][gc] GC(11) Concurrent active time: 0.206ms
[2019-08-26T02:42:56.912+0300][101.038s][info ][gc] GC(11) Concurrent Mark 206.386ms
[2019-08-26T02:42:56.912+0300][101.038s][info ][gc] GC(11) Concurrent Preclean
[2019-08-26T02:42:56.946+0300][101.072s][debug][gc] GC(11) Concurrent active time: 0.034ms
[2019-08-26T02:42:56.946+0300][101.072s][info ][gc] GC(11) Concurrent Preclean 33.922ms
[2019-08-26T02:42:56.946+0300][101.072s][info ][gc] GC(11) Concurrent Abortable Preclean
[2019-08-26T02:43:02.003+0300][106.129s][debug][gc] GC(11)  CMS: abort preclean due to time 
[2019-08-26T02:43:02.003+0300][106.129s][debug][gc] GC(11) Concurrent active time: 5.057ms
[2019-08-26T02:43:02.003+0300][106.129s][info ][gc] GC(11) Concurrent Abortable Preclean 5056.931ms
[2019-08-26T02:43:02.005+0300][106.131s][debug][gc] GC(11) YG occupancy: 50945 K (157248 K)
[2019-08-26T02:43:02.021+0300][106.147s][info ][gc] GC(11) Pause Remark 341M->341M(494M) 16.357ms
[2019-08-26T02:43:02.021+0300][106.147s][info ][gc] GC(11) Concurrent Sweep
[2019-08-26T02:43:02.095+0300][106.221s][debug][gc] GC(11) Concurrent active time: 0.074ms
[2019-08-26T02:43:02.095+0300][106.221s][info ][gc] GC(11) Concurrent Sweep 73.709ms
[2019-08-26T02:43:02.095+0300][106.221s][info ][gc] GC(11) Concurrent Reset
[2019-08-26T02:43:02.095+0300][106.221s][debug][gc] GC(11) Concurrent active time: 0.000ms
[2019-08-26T02:43:02.095+0300][106.221s][info ][gc] GC(11) Concurrent Reset 0.299ms
[2019-08-26T02:43:04.102+0300][108.229s][info ][gc] GC(12) Pause Initial Mark 344M->344M(494M) 7.702ms
[2019-08-26T02:43:04.102+0300][108.229s][info ][gc] GC(12) Concurrent Mark
[2019-08-26T02:43:04.307+0300][108.433s][debug][gc] GC(12) Concurrent active time: 0.204ms
[2019-08-26T02:43:04.307+0300][108.433s][info ][gc] GC(12) Concurrent Mark 204.536ms
[2019-08-26T02:43:04.307+0300][108.433s][info ][gc] GC(12) Concurrent Preclean
[2019-08-26T02:43:04.341+0300][108.468s][debug][gc] GC(12) Concurrent active time: 0.035ms
[2019-08-26T02:43:04.341+0300][108.468s][info ][gc] GC(12) Concurrent Preclean 34.587ms
[2019-08-26T02:43:04.342+0300][108.468s][info ][gc] GC(12) Concurrent Abortable Preclean
[2019-08-26T02:43:04.342+0300][108.468s][debug][gc] GC(12) Concurrent active time: 0.000ms
[2019-08-26T02:43:04.342+0300][108.468s][info ][gc] GC(12) Concurrent Abortable Preclean 0.028ms
[2019-08-26T02:43:04.342+0300][108.468s][debug][gc] GC(12) YG occupancy: 56962 K (157248 K)
[2019-08-26T02:43:04.359+0300][108.485s][info ][gc] GC(12) Pause Remark 347M->347M(494M) 16.879ms
[2019-08-26T02:43:04.359+0300][108.485s][info ][gc] GC(12) Concurrent Sweep
[2019-08-26T02:43:04.431+0300][108.558s][debug][gc] GC(12) Concurrent active time: 0.073ms
[2019-08-26T02:43:04.431+0300][108.558s][info ][gc] GC(12) Concurrent Sweep 72.621ms
[2019-08-26T02:43:04.431+0300][108.558s][info ][gc] GC(12) Concurrent Reset
[2019-08-26T02:43:04.432+0300][108.558s][debug][gc] GC(12) Concurrent active time: 0.000ms
[2019-08-26T02:43:04.432+0300][108.558s][info ][gc] GC(12) Concurrent Reset 0.288ms
[2019-08-26T02:43:06.440+0300][110.566s][info ][gc] GC(13) Pause Initial Mark 349M->349M(494M) 8.111ms
[2019-08-26T02:43:06.440+0300][110.566s][info ][gc] GC(13) Concurrent Mark
[2019-08-26T02:43:06.646+0300][110.772s][debug][gc] GC(13) Concurrent active time: 0.206ms
[2019-08-26T02:43:06.646+0300][110.772s][info ][gc] GC(13) Concurrent Mark 206.091ms
[2019-08-26T02:43:06.646+0300][110.772s][info ][gc] GC(13) Concurrent Preclean
[2019-08-26T02:43:06.681+0300][110.808s][debug][gc] GC(13) Concurrent active time: 0.035ms
[2019-08-26T02:43:06.681+0300][110.808s][info ][gc] GC(13) Concurrent Preclean 35.467ms
[2019-08-26T02:43:06.681+0300][110.808s][info ][gc] GC(13) Concurrent Abortable Preclean
[2019-08-26T02:43:06.681+0300][110.808s][debug][gc] GC(13) Concurrent active time: 0.000ms
[2019-08-26T02:43:06.681+0300][110.808s][info ][gc] GC(13) Concurrent Abortable Preclean 0.020ms
[2019-08-26T02:43:06.684+0300][110.810s][debug][gc] GC(13) YG occupancy: 59674 K (157248 K)
[2019-08-26T02:43:06.701+0300][110.828s][info ][gc] GC(13) Pause Remark 349M->349M(494M) 17.414ms
[2019-08-26T02:43:06.701+0300][110.828s][info ][gc] GC(13) Concurrent Sweep
[2019-08-26T02:43:06.773+0300][110.900s][debug][gc] GC(13) Concurrent active time: 0.072ms
[2019-08-26T02:43:06.773+0300][110.900s][info ][gc] GC(13) Concurrent Sweep 72.167ms
[2019-08-26T02:43:06.773+0300][110.900s][info ][gc] GC(13) Concurrent Reset
[2019-08-26T02:43:06.774+0300][110.900s][debug][gc] GC(13) Concurrent active time: 0.000ms
[2019-08-26T02:43:06.774+0300][110.900s][info ][gc] GC(13) Concurrent Reset 0.321ms
[2019-08-26T02:43:08.785+0300][112.911s][info ][gc] GC(14) Pause Initial Mark 352M->352M(494M) 8.197ms
[2019-08-26T02:43:08.785+0300][112.911s][info ][gc] GC(14) Concurrent Mark
[2019-08-26T02:43:08.987+0300][113.114s][debug][gc] GC(14) Concurrent active time: 0.202ms
[2019-08-26T02:43:08.987+0300][113.114s][info ][gc] GC(14) Concurrent Mark 202.430ms
[2019-08-26T02:43:08.987+0300][113.114s][info ][gc] GC(14) Concurrent Preclean
[2019-08-26T02:43:09.023+0300][113.149s][debug][gc] GC(14) Concurrent active time: 0.035ms
[2019-08-26T02:43:09.023+0300][113.149s][info ][gc] GC(14) Concurrent Preclean 35.369ms
[2019-08-26T02:43:09.023+0300][113.149s][info ][gc] GC(14) Concurrent Abortable Preclean
[2019-08-26T02:43:09.023+0300][113.149s][debug][gc] GC(14) Concurrent active time: 0.000ms
[2019-08-26T02:43:09.023+0300][113.149s][info ][gc] GC(14) Concurrent Abortable Preclean 0.020ms
[2019-08-26T02:43:09.025+0300][113.151s][debug][gc] GC(14) YG occupancy: 62387 K (157248 K)
[2019-08-26T02:43:09.043+0300][113.169s][info ][gc] GC(14) Pause Remark 352M->352M(494M) 18.160ms
[2019-08-26T02:43:09.043+0300][113.169s][info ][gc] GC(14) Concurrent Sweep
[2019-08-26T02:43:09.115+0300][113.242s][debug][gc] GC(14) Concurrent active time: 0.072ms
[2019-08-26T02:43:09.115+0300][113.242s][info ][gc] GC(14) Concurrent Sweep 72.418ms
[2019-08-26T02:43:09.115+0300][113.242s][info ][gc] GC(14) Concurrent Reset
[2019-08-26T02:43:09.116+0300][113.242s][debug][gc] GC(14) Concurrent active time: 0.000ms
[2019-08-26T02:43:09.116+0300][113.242s][info ][gc] GC(14) Concurrent Reset 0.316ms
[2019-08-26T02:43:11.129+0300][115.254s][info ][gc] GC(15) Pause Initial Mark 354M->354M(494M) 9.049ms
[2019-08-26T02:43:11.129+0300][115.254s][info ][gc] GC(15) Concurrent Mark
[2019-08-26T02:43:11.336+0300][115.462s][debug][gc] GC(15) Concurrent active time: 0.208ms
[2019-08-26T02:43:11.337+0300][115.462s][info ][gc] GC(15) Concurrent Mark 207.806ms
[2019-08-26T02:43:11.337+0300][115.462s][info ][gc] GC(15) Concurrent Preclean
[2019-08-26T02:43:11.371+0300][115.497s][debug][gc] GC(15) Concurrent active time: 0.035ms
[2019-08-26T02:43:11.371+0300][115.497s][info ][gc] GC(15) Concurrent Preclean 34.792ms
[2019-08-26T02:43:11.371+0300][115.497s][info ][gc] GC(15) Concurrent Abortable Preclean
[2019-08-26T02:43:11.371+0300][115.497s][debug][gc] GC(15) Concurrent active time: 0.000ms
[2019-08-26T02:43:11.371+0300][115.497s][info ][gc] GC(15) Concurrent Abortable Preclean 0.017ms
[2019-08-26T02:43:11.371+0300][115.497s][debug][gc] GC(15) YG occupancy: 65100 K (157248 K)
[2019-08-26T02:43:11.381+0300][115.507s][info ][gc] GC(15) Pause Remark 354M->354M(494M) 9.903ms
[2019-08-26T02:43:11.381+0300][115.507s][info ][gc] GC(15) Concurrent Sweep
[2019-08-26T02:43:11.453+0300][115.579s][debug][gc] GC(15) Concurrent active time: 0.072ms
[2019-08-26T02:43:11.453+0300][115.579s][info ][gc] GC(15) Concurrent Sweep 71.927ms
[2019-08-26T02:43:11.453+0300][115.579s][info ][gc] GC(15) Concurrent Reset
[2019-08-26T02:43:11.454+0300][115.579s][debug][gc] GC(15) Concurrent active time: 0.000ms
[2019-08-26T02:43:11.454+0300][115.579s][info ][gc] GC(15) Concurrent Reset 0.334ms
[2019-08-26T02:43:13.464+0300][117.590s][info ][gc] GC(16) Pause Initial Mark 357M->357M(494M) 9.258ms
[2019-08-26T02:43:13.464+0300][117.590s][info ][gc] GC(16) Concurrent Mark
[2019-08-26T02:43:13.674+0300][117.800s][debug][gc] GC(16) Concurrent active time: 0.210ms
[2019-08-26T02:43:13.674+0300][117.800s][info ][gc] GC(16) Concurrent Mark 209.988ms
[2019-08-26T02:43:13.674+0300][117.800s][info ][gc] GC(16) Concurrent Preclean
[2019-08-26T02:43:13.710+0300][117.836s][debug][gc] GC(16) Concurrent active time: 0.036ms
[2019-08-26T02:43:13.710+0300][117.836s][info ][gc] GC(16) Concurrent Preclean 36.419ms
[2019-08-26T02:43:13.710+0300][117.836s][info ][gc] GC(16) Concurrent Abortable Preclean
[2019-08-26T02:43:13.710+0300][117.836s][debug][gc] GC(16) Concurrent active time: 0.000ms
[2019-08-26T02:43:13.710+0300][117.836s][info ][gc] GC(16) Concurrent Abortable Preclean 0.022ms
[2019-08-26T02:43:13.715+0300][117.840s][debug][gc] GC(16) YG occupancy: 67813 K (157248 K)
[2019-08-26T02:43:13.734+0300][117.859s][info ][gc] GC(16) Pause Remark 357M->357M(494M) 19.045ms
[2019-08-26T02:43:13.734+0300][117.860s][info ][gc] GC(16) Concurrent Sweep
[2019-08-26T02:43:13.805+0300][117.931s][debug][gc] GC(16) Concurrent active time: 0.072ms
[2019-08-26T02:43:13.805+0300][117.931s][info ][gc] GC(16) Concurrent Sweep 71.751ms
[2019-08-26T02:43:13.805+0300][117.931s][info ][gc] GC(16) Concurrent Reset
[2019-08-26T02:43:13.806+0300][117.932s][debug][gc] GC(16) Concurrent active time: 0.000ms
[2019-08-26T02:43:13.806+0300][117.932s][info ][gc] GC(16) Concurrent Reset 0.229ms
[2019-08-26T02:43:15.815+0300][119.941s][info ][gc] GC(17) Pause Initial Mark 360M->360M(494M) 9.434ms
[2019-08-26T02:43:15.815+0300][119.941s][info ][gc] GC(17) Concurrent Mark
[2019-08-26T02:43:16.023+0300][120.149s][debug][gc] GC(17) Concurrent active time: 0.208ms
[2019-08-26T02:43:16.023+0300][120.149s][info ][gc] GC(17) Concurrent Mark 208.077ms
[2019-08-26T02:43:16.023+0300][120.149s][info ][gc] GC(17) Concurrent Preclean
[2019-08-26T02:43:16.059+0300][120.185s][debug][gc] GC(17) Concurrent active time: 0.036ms
[2019-08-26T02:43:16.059+0300][120.185s][info ][gc] GC(17) Concurrent Preclean 35.893ms
[2019-08-26T02:43:16.059+0300][120.185s][info ][gc] GC(17) Concurrent Abortable Preclean
[2019-08-26T02:43:16.059+0300][120.185s][debug][gc] GC(17) Concurrent active time: 0.000ms
[2019-08-26T02:43:16.059+0300][120.185s][info ][gc] GC(17) Concurrent Abortable Preclean 0.021ms
[2019-08-26T02:43:16.061+0300][120.187s][debug][gc] GC(17) YG occupancy: 73238 K (157248 K)
[2019-08-26T02:43:16.080+0300][120.206s][info ][gc] GC(17) Pause Remark 362M->362M(494M) 19.530ms
[2019-08-26T02:43:16.080+0300][120.206s][info ][gc] GC(17) Concurrent Sweep
[2019-08-26T02:43:16.152+0300][120.278s][debug][gc] GC(17) Concurrent active time: 0.072ms
[2019-08-26T02:43:16.152+0300][120.278s][info ][gc] GC(17) Concurrent Sweep 72.240ms
[2019-08-26T02:43:16.152+0300][120.278s][info ][gc] GC(17) Concurrent Reset
[2019-08-26T02:43:16.153+0300][120.279s][debug][gc] GC(17) Concurrent active time: 0.000ms
[2019-08-26T02:43:16.153+0300][120.279s][info ][gc] GC(17) Concurrent Reset 0.292ms
[2019-08-26T02:43:18.168+0300][122.294s][info ][gc] GC(18) Pause Initial Mark 365M->365M(494M) 10.580ms
[2019-08-26T02:43:18.168+0300][122.294s][info ][gc] GC(18) Concurrent Mark
[2019-08-26T02:43:18.373+0300][122.499s][debug][gc] GC(18) Concurrent active time: 0.205ms
[2019-08-26T02:43:18.373+0300][122.499s][info ][gc] GC(18) Concurrent Mark 205.116ms
[2019-08-26T02:43:18.373+0300][122.499s][info ][gc] GC(18) Concurrent Preclean
[2019-08-26T02:43:18.410+0300][122.536s][debug][gc] GC(18) Concurrent active time: 0.037ms
[2019-08-26T02:43:18.410+0300][122.536s][info ][gc] GC(18) Concurrent Preclean 36.811ms
[2019-08-26T02:43:18.410+0300][122.536s][info ][gc] GC(18) Concurrent Abortable Preclean
[2019-08-26T02:43:18.410+0300][122.536s][debug][gc] GC(18) Concurrent active time: 0.000ms
[2019-08-26T02:43:18.410+0300][122.536s][info ][gc] GC(18) Concurrent Abortable Preclean 0.021ms
[2019-08-26T02:43:18.413+0300][122.539s][debug][gc] GC(18) YG occupancy: 75951 K (157248 K)
[2019-08-26T02:43:18.433+0300][122.559s][info ][gc] GC(18) Pause Remark 365M->365M(494M) 20.250ms
[2019-08-26T02:43:18.433+0300][122.559s][info ][gc] GC(18) Concurrent Sweep
[2019-08-26T02:43:18.505+0300][122.631s][debug][gc] GC(18) Concurrent active time: 0.072ms
[2019-08-26T02:43:18.505+0300][122.631s][info ][gc] GC(18) Concurrent Sweep 72.533ms
[2019-08-26T02:43:18.505+0300][122.632s][info ][gc] GC(18) Concurrent Reset
[2019-08-26T02:43:18.506+0300][122.632s][debug][gc] GC(18) Concurrent active time: 0.000ms
[2019-08-26T02:43:18.506+0300][122.632s][info ][gc] GC(18) Concurrent Reset 0.312ms
[2019-08-26T02:43:20.519+0300][124.646s][info ][gc] GC(19) Pause Initial Mark 368M->368M(494M) 10.786ms
[2019-08-26T02:43:20.519+0300][124.646s][info ][gc] GC(19) Concurrent Mark
[2019-08-26T02:43:20.728+0300][124.854s][debug][gc] GC(19) Concurrent active time: 0.209ms
[2019-08-26T02:43:20.728+0300][124.854s][info ][gc] GC(19) Concurrent Mark 208.747ms
[2019-08-26T02:43:20.728+0300][124.854s][info ][gc] GC(19) Concurrent Preclean
[2019-08-26T02:43:20.765+0300][124.891s][debug][gc] GC(19) Concurrent active time: 0.036ms
[2019-08-26T02:43:20.765+0300][124.891s][info ][gc] GC(19) Concurrent Preclean 36.410ms
[2019-08-26T02:43:20.765+0300][124.891s][info ][gc] GC(19) Concurrent Abortable Preclean
[2019-08-26T02:43:20.765+0300][124.891s][debug][gc] GC(19) Concurrent active time: 0.000ms
[2019-08-26T02:43:20.765+0300][124.891s][info ][gc] GC(19) Concurrent Abortable Preclean 0.020ms
[2019-08-26T02:43:20.766+0300][124.892s][debug][gc] GC(19) YG occupancy: 78664 K (157248 K)
[2019-08-26T02:43:20.787+0300][124.914s][info ][gc] GC(19) Pause Remark 368M->368M(494M) 21.809ms
[2019-08-26T02:43:20.787+0300][124.914s][info ][gc] GC(19) Concurrent Sweep
[2019-08-26T02:43:20.861+0300][124.987s][debug][gc] GC(19) Concurrent active time: 0.073ms
[2019-08-26T02:43:20.861+0300][124.987s][info ][gc] GC(19) Concurrent Sweep 73.136ms
[2019-08-26T02:43:20.861+0300][124.987s][info ][gc] GC(19) Concurrent Reset
[2019-08-26T02:43:20.861+0300][124.987s][debug][gc] GC(19) Concurrent active time: 0.000ms
[2019-08-26T02:43:20.861+0300][124.987s][info ][gc] GC(19) Concurrent Reset 0.212ms
[2019-08-26T02:43:22.873+0300][127.000s][info ][gc] GC(20) Pause Initial Mark 370M->370M(494M) 10.789ms
[2019-08-26T02:43:22.873+0300][127.000s][info ][gc] GC(20) Concurrent Mark
[2019-08-26T02:43:23.079+0300][127.205s][debug][gc] GC(20) Concurrent active time: 0.206ms
[2019-08-26T02:43:23.079+0300][127.205s][info ][gc] GC(20) Concurrent Mark 205.671ms
[2019-08-26T02:43:23.079+0300][127.205s][info ][gc] GC(20) Concurrent Preclean
[2019-08-26T02:43:23.116+0300][127.243s][debug][gc] GC(20) Concurrent active time: 0.037ms
[2019-08-26T02:43:23.116+0300][127.243s][info ][gc] GC(20) Concurrent Preclean 37.228ms
[2019-08-26T02:43:23.116+0300][127.243s][info ][gc] GC(20) Concurrent Abortable Preclean
[2019-08-26T02:43:23.116+0300][127.243s][debug][gc] GC(20) Concurrent active time: 0.000ms
[2019-08-26T02:43:23.116+0300][127.243s][info ][gc] GC(20) Concurrent Abortable Preclean 0.021ms
[2019-08-26T02:43:23.121+0300][127.247s][debug][gc] GC(20) YG occupancy: 81377 K (157248 K)
[2019-08-26T02:43:23.142+0300][127.268s][info ][gc] GC(20) Pause Remark 370M->370M(494M) 20.932ms
[2019-08-26T02:43:23.142+0300][127.268s][info ][gc] GC(20) Concurrent Sweep
[2019-08-26T02:43:23.214+0300][127.340s][debug][gc] GC(20) Concurrent active time: 0.073ms
[2019-08-26T02:43:23.214+0300][127.340s][info ][gc] GC(20) Concurrent Sweep 72.593ms
[2019-08-26T02:43:23.214+0300][127.340s][info ][gc] GC(20) Concurrent Reset
[2019-08-26T02:43:23.215+0300][127.341s][debug][gc] GC(20) Concurrent active time: 0.000ms
[2019-08-26T02:43:23.215+0300][127.341s][info ][gc] GC(20) Concurrent Reset 0.328ms
[2019-08-26T02:43:25.230+0300][129.357s][info ][gc] GC(21) Pause Initial Mark 373M->373M(494M) 11.827ms
[2019-08-26T02:43:25.230+0300][129.357s][info ][gc] GC(21) Concurrent Mark
[2019-08-26T02:43:25.439+0300][129.565s][debug][gc] GC(21) Concurrent active time: 0.208ms
[2019-08-26T02:43:25.439+0300][129.565s][info ][gc] GC(21) Concurrent Mark 208.264ms
[2019-08-26T02:43:25.439+0300][129.565s][info ][gc] GC(21) Concurrent Preclean
[2019-08-26T02:43:25.476+0300][129.603s][debug][gc] GC(21) Concurrent active time: 0.037ms
[2019-08-26T02:43:25.476+0300][129.603s][info ][gc] GC(21) Concurrent Preclean 37.406ms
[2019-08-26T02:43:25.476+0300][129.603s][info ][gc] GC(21) Concurrent Abortable Preclean
[2019-08-26T02:43:25.476+0300][129.603s][debug][gc] GC(21) Concurrent active time: 0.000ms
[2019-08-26T02:43:25.476+0300][129.603s][info ][gc] GC(21) Concurrent Abortable Preclean 0.020ms
[2019-08-26T02:43:25.479+0300][129.605s][debug][gc] GC(21) YG occupancy: 84089 K (157248 K)
[2019-08-26T02:43:25.500+0300][129.626s][info ][gc] GC(21) Pause Remark 373M->373M(494M) 21.484ms
[2019-08-26T02:43:25.500+0300][129.627s][info ][gc] GC(21) Concurrent Sweep
[2019-08-26T02:43:25.571+0300][129.697s][debug][gc] GC(21) Concurrent active time: 0.071ms
[2019-08-26T02:43:25.571+0300][129.697s][info ][gc] GC(21) Concurrent Sweep 70.747ms
[2019-08-26T02:43:25.571+0300][129.697s][info ][gc] GC(21) Concurrent Reset
[2019-08-26T02:43:25.571+0300][129.698s][debug][gc] GC(21) Concurrent active time: 0.000ms
[2019-08-26T02:43:25.571+0300][129.698s][info ][gc] GC(21) Concurrent Reset 0.222ms
[2019-08-26T02:43:27.586+0300][131.711s][info ][gc] GC(22) Pause Initial Mark 376M->376M(494M) 12.225ms
[2019-08-26T02:43:27.586+0300][131.711s][info ][gc] GC(22) Concurrent Mark
[2019-08-26T02:43:27.792+0300][131.917s][debug][gc] GC(22) Concurrent active time: 0.206ms
[2019-08-26T02:43:27.792+0300][131.917s][info ][gc] GC(22) Concurrent Mark 205.921ms
[2019-08-26T02:43:27.792+0300][131.917s][info ][gc] GC(22) Concurrent Preclean
[2019-08-26T02:43:27.829+0300][131.955s][debug][gc] GC(22) Concurrent active time: 0.038ms
[2019-08-26T02:43:27.829+0300][131.955s][info ][gc] GC(22) Concurrent Preclean 37.563ms
[2019-08-26T02:43:27.829+0300][131.955s][info ][gc] GC(22) Concurrent Abortable Preclean
[2019-08-26T02:43:27.829+0300][131.955s][debug][gc] GC(22) Concurrent active time: 0.000ms
[2019-08-26T02:43:27.829+0300][131.955s][info ][gc] GC(22) Concurrent Abortable Preclean 0.030ms
[2019-08-26T02:43:27.831+0300][131.956s][debug][gc] GC(22) YG occupancy: 89515 K (157248 K)
[2019-08-26T02:43:27.853+0300][131.978s][info ][gc] GC(22) Pause Remark 378M->378M(494M) 22.038ms
[2019-08-26T02:43:27.853+0300][131.978s][info ][gc] GC(22) Concurrent Sweep
[2019-08-26T02:43:27.926+0300][132.052s][debug][gc] GC(22) Concurrent active time: 0.073ms
[2019-08-26T02:43:27.926+0300][132.052s][info ][gc] GC(22) Concurrent Sweep 73.472ms
[2019-08-26T02:43:27.926+0300][132.052s][info ][gc] GC(22) Concurrent Reset
[2019-08-26T02:43:27.926+0300][132.052s][debug][gc] GC(22) Concurrent active time: 0.000ms
[2019-08-26T02:43:27.927+0300][132.052s][info ][gc] GC(22) Concurrent Reset 0.303ms
[2019-08-26T02:43:29.943+0300][134.068s][info ][gc] GC(23) Pause Initial Mark 381M->381M(494M) 12.258ms
[2019-08-26T02:43:29.943+0300][134.069s][info ][gc] GC(23) Concurrent Mark
[2019-08-26T02:43:30.152+0300][134.277s][debug][gc] GC(23) Concurrent active time: 0.209ms
[2019-08-26T02:43:30.152+0300][134.277s][info ][gc] GC(23) Concurrent Mark 208.899ms
[2019-08-26T02:43:30.152+0300][134.277s][info ][gc] GC(23) Concurrent Preclean
[2019-08-26T02:43:30.190+0300][134.315s][debug][gc] GC(23) Concurrent active time: 0.038ms
[2019-08-26T02:43:30.190+0300][134.315s][info ][gc] GC(23) Concurrent Preclean 37.766ms
[2019-08-26T02:43:30.190+0300][134.315s][info ][gc] GC(23) Concurrent Abortable Preclean
[2019-08-26T02:43:30.190+0300][134.315s][debug][gc] GC(23) Concurrent active time: 0.000ms
[2019-08-26T02:43:30.190+0300][134.315s][info ][gc] GC(23) Concurrent Abortable Preclean 0.020ms
[2019-08-26T02:43:30.193+0300][134.318s][debug][gc] GC(23) YG occupancy: 92228 K (157248 K)
[2019-08-26T02:43:30.215+0300][134.341s][info ][gc] GC(23) Pause Remark 381M->381M(494M) 22.441ms
[2019-08-26T02:43:30.215+0300][134.341s][info ][gc] GC(23) Concurrent Sweep
[2019-08-26T02:43:30.287+0300][134.413s][debug][gc] GC(23) Concurrent active time: 0.072ms
[2019-08-26T02:43:30.287+0300][134.413s][info ][gc] GC(23) Concurrent Sweep 72.214ms
[2019-08-26T02:43:30.287+0300][134.413s][info ][gc] GC(23) Concurrent Reset
[2019-08-26T02:43:30.288+0300][134.413s][debug][gc] GC(23) Concurrent active time: 0.000ms
[2019-08-26T02:43:30.288+0300][134.413s][info ][gc] GC(23) Concurrent Reset 0.256ms
[2019-08-26T02:43:32.301+0300][136.427s][info ][gc] GC(24) Pause Initial Mark 384M->384M(494M) 12.425ms
[2019-08-26T02:43:32.301+0300][136.427s][info ][gc] GC(24) Concurrent Mark
[2019-08-26T02:43:32.506+0300][136.631s][debug][gc] GC(24) Concurrent active time: 0.204ms
[2019-08-26T02:43:32.506+0300][136.631s][info ][gc] GC(24) Concurrent Mark 204.572ms
[2019-08-26T02:43:32.506+0300][136.631s][info ][gc] GC(24) Concurrent Preclean
[2019-08-26T02:43:32.544+0300][136.669s][debug][gc] GC(24) Concurrent active time: 0.038ms
[2019-08-26T02:43:32.544+0300][136.669s][info ][gc] GC(24) Concurrent Preclean 38.016ms
[2019-08-26T02:43:32.544+0300][136.669s][info ][gc] GC(24) Concurrent Abortable Preclean
[2019-08-26T02:43:32.544+0300][136.669s][debug][gc] GC(24) Concurrent active time: 0.000ms
[2019-08-26T02:43:32.544+0300][136.669s][info ][gc] GC(24) Concurrent Abortable Preclean 0.020ms
[2019-08-26T02:43:32.546+0300][136.671s][debug][gc] GC(24) YG occupancy: 94941 K (157248 K)
[2019-08-26T02:43:32.570+0300][136.696s][info ][gc] GC(24) Pause Remark 384M->384M(494M) 24.219ms
[2019-08-26T02:43:32.570+0300][136.696s][info ][gc] GC(24) Concurrent Sweep
[2019-08-26T02:43:32.642+0300][136.768s][debug][gc] GC(24) Concurrent active time: 0.072ms
[2019-08-26T02:43:32.642+0300][136.768s][info ][gc] GC(24) Concurrent Sweep 72.139ms
[2019-08-26T02:43:32.642+0300][136.768s][info ][gc] GC(24) Concurrent Reset
[2019-08-26T02:43:32.642+0300][136.768s][debug][gc] GC(24) Concurrent active time: 0.000ms
[2019-08-26T02:43:32.642+0300][136.768s][info ][gc] GC(24) Concurrent Reset 0.288ms
[2019-08-26T02:43:34.659+0300][138.785s][info ][gc] GC(25) Pause Initial Mark 386M->386M(494M) 13.539ms
[2019-08-26T02:43:34.659+0300][138.785s][info ][gc] GC(25) Concurrent Mark
[2019-08-26T02:43:34.869+0300][138.995s][debug][gc] GC(25) Concurrent active time: 0.210ms
[2019-08-26T02:43:34.869+0300][138.995s][info ][gc] GC(25) Concurrent Mark 209.698ms
[2019-08-26T02:43:34.869+0300][138.995s][info ][gc] GC(25) Concurrent Preclean
[2019-08-26T02:43:34.907+0300][139.033s][debug][gc] GC(25) Concurrent active time: 0.038ms
[2019-08-26T02:43:34.907+0300][139.033s][info ][gc] GC(25) Concurrent Preclean 38.427ms
[2019-08-26T02:43:34.907+0300][139.033s][info ][gc] GC(25) Concurrent Abortable Preclean
[2019-08-26T02:43:34.907+0300][139.033s][debug][gc] GC(25) Concurrent active time: 0.000ms
[2019-08-26T02:43:34.907+0300][139.033s][info ][gc] GC(25) Concurrent Abortable Preclean 0.020ms
[2019-08-26T02:43:34.910+0300][139.035s][debug][gc] GC(25) YG occupancy: 97653 K (157248 K)
[2019-08-26T02:43:34.933+0300][139.059s][info ][gc] GC(25) Pause Remark 386M->386M(494M) 23.435ms
[2019-08-26T02:43:34.933+0300][139.059s][info ][gc] GC(25) Concurrent Sweep
[2019-08-26T02:43:35.006+0300][139.132s][debug][gc] GC(25) Concurrent active time: 0.073ms
[2019-08-26T02:43:35.006+0300][139.132s][info ][gc] GC(25) Concurrent Sweep 72.953ms
[2019-08-26T02:43:35.006+0300][139.132s][info ][gc] GC(25) Concurrent Reset
[2019-08-26T02:43:35.006+0300][139.132s][debug][gc] GC(25) Concurrent active time: 0.000ms
[2019-08-26T02:43:35.006+0300][139.132s][info ][gc] GC(25) Concurrent Reset 0.289ms
[2019-08-26T02:43:37.025+0300][141.151s][info ][gc] GC(26) Pause Initial Mark 389M->389M(494M) 14.131ms
[2019-08-26T02:43:37.025+0300][141.151s][info ][gc] GC(26) Concurrent Mark
[2019-08-26T02:43:37.233+0300][141.359s][debug][gc] GC(26) Concurrent active time: 0.208ms
[2019-08-26T02:43:37.233+0300][141.359s][info ][gc] GC(26) Concurrent Mark 208.538ms
[2019-08-26T02:43:37.233+0300][141.359s][info ][gc] GC(26) Concurrent Preclean
[2019-08-26T02:43:37.272+0300][141.397s][debug][gc] GC(26) Concurrent active time: 0.038ms
[2019-08-26T02:43:37.272+0300][141.397s][info ][gc] GC(26) Concurrent Preclean 38.204ms
[2019-08-26T02:43:37.272+0300][141.397s][info ][gc] GC(26) Concurrent Abortable Preclean
[2019-08-26T02:43:37.272+0300][141.398s][debug][gc] GC(26) Concurrent active time: 0.000ms
[2019-08-26T02:43:37.272+0300][141.398s][info ][gc] GC(26) Concurrent Abortable Preclean 0.026ms
[2019-08-26T02:43:37.272+0300][141.398s][debug][gc] GC(26) YG occupancy: 100366 K (157248 K)
[2019-08-26T02:43:37.296+0300][141.421s][info ][gc] GC(26) Pause Remark 389M->389M(494M) 23.894ms
[2019-08-26T02:43:37.296+0300][141.422s][info ][gc] GC(26) Concurrent Sweep
[2019-08-26T02:43:37.366+0300][141.492s][debug][gc] GC(26) Concurrent active time: 0.071ms
[2019-08-26T02:43:37.366+0300][141.492s][info ][gc] GC(26) Concurrent Sweep 70.666ms
[2019-08-26T02:43:37.366+0300][141.492s][info ][gc] GC(26) Concurrent Reset
[2019-08-26T02:43:37.367+0300][141.493s][debug][gc] GC(26) Concurrent active time: 0.000ms
[2019-08-26T02:43:37.367+0300][141.493s][info ][gc] GC(26) Concurrent Reset 0.317ms
[2019-08-26T02:43:39.381+0300][143.507s][info ][gc] GC(27) Pause Initial Mark 391M->391M(494M) 13.701ms
[2019-08-26T02:43:39.381+0300][143.507s][info ][gc] GC(27) Concurrent Mark
[2019-08-26T02:43:39.585+0300][143.711s][debug][gc] GC(27) Concurrent active time: 0.204ms
[2019-08-26T02:43:39.585+0300][143.711s][info ][gc] GC(27) Concurrent Mark 203.944ms
[2019-08-26T02:43:39.585+0300][143.711s][info ][gc] GC(27) Concurrent Preclean
[2019-08-26T02:43:39.625+0300][143.751s][debug][gc] GC(27) Concurrent active time: 0.039ms
[2019-08-26T02:43:39.625+0300][143.751s][info ][gc] GC(27) Concurrent Preclean 39.252ms
[2019-08-26T02:43:39.625+0300][143.751s][info ][gc] GC(27) Concurrent Abortable Preclean
[2019-08-26T02:43:39.625+0300][143.751s][debug][gc] GC(27) Concurrent active time: 0.000ms
[2019-08-26T02:43:39.625+0300][143.751s][info ][gc] GC(27) Concurrent Abortable Preclean 0.021ms
[2019-08-26T02:43:39.630+0300][143.756s][debug][gc] GC(27) YG occupancy: 103079 K (157248 K)
[2019-08-26T02:43:39.655+0300][143.781s][info ][gc] GC(27) Pause Remark 391M->391M(494M) 25.358ms
[2019-08-26T02:43:39.655+0300][143.781s][info ][gc] GC(27) Concurrent Sweep
[2019-08-26T02:43:39.729+0300][143.855s][debug][gc] GC(27) Concurrent active time: 0.074ms
[2019-08-26T02:43:39.729+0300][143.855s][info ][gc] GC(27) Concurrent Sweep 73.670ms
[2019-08-26T02:43:39.729+0300][143.855s][info ][gc] GC(27) Concurrent Reset
[2019-08-26T02:43:39.729+0300][143.855s][debug][gc] GC(27) Concurrent active time: 0.000ms
[2019-08-26T02:43:39.729+0300][143.855s][info ][gc] GC(27) Concurrent Reset 0.295ms
[2019-08-26T02:43:41.746+0300][145.872s][info ][gc] GC(28) Pause Initial Mark 394M->394M(494M) 14.722ms
[2019-08-26T02:43:41.746+0300][145.873s][info ][gc] GC(28) Concurrent Mark
[2019-08-26T02:43:41.954+0300][146.081s][debug][gc] GC(28) Concurrent active time: 0.208ms
[2019-08-26T02:43:41.955+0300][146.081s][info ][gc] GC(28) Concurrent Mark 208.096ms
[2019-08-26T02:43:41.955+0300][146.081s][info ][gc] GC(28) Concurrent Preclean
[2019-08-26T02:43:41.993+0300][146.119s][debug][gc] GC(28) Concurrent active time: 0.039ms
[2019-08-26T02:43:41.993+0300][146.119s][info ][gc] GC(28) Concurrent Preclean 38.611ms
[2019-08-26T02:43:41.993+0300][146.119s][info ][gc] GC(28) Concurrent Abortable Preclean
[2019-08-26T02:43:41.993+0300][146.119s][debug][gc] GC(28) Concurrent active time: 0.000ms
[2019-08-26T02:43:41.993+0300][146.119s][info ][gc] GC(28) Concurrent Abortable Preclean 0.021ms
[2019-08-26T02:43:41.995+0300][146.121s][debug][gc] GC(28) YG occupancy: 105792 K (157248 K)
[2019-08-26T02:43:42.020+0300][146.146s][info ][gc] GC(28) Pause Remark 394M->394M(494M) 24.995ms
[2019-08-26T02:43:42.020+0300][146.146s][info ][gc] GC(28) Concurrent Sweep
[2019-08-26T02:43:42.092+0300][146.218s][debug][gc] GC(28) Concurrent active time: 0.072ms
[2019-08-26T02:43:42.092+0300][146.218s][info ][gc] GC(28) Concurrent Sweep 72.413ms
[2019-08-26T02:43:42.092+0300][146.218s][info ][gc] GC(28) Concurrent Reset
[2019-08-26T02:43:42.092+0300][146.218s][debug][gc] GC(28) Concurrent active time: 0.000ms
[2019-08-26T02:43:42.092+0300][146.218s][info ][gc] GC(28) Concurrent Reset 0.298ms
[2019-08-26T02:43:44.110+0300][148.236s][info ][gc] GC(29) Pause Initial Mark 396M->396M(494M) 16.390ms
[2019-08-26T02:43:44.110+0300][148.236s][info ][gc] GC(29) Concurrent Mark
[2019-08-26T02:43:44.321+0300][148.447s][debug][gc] GC(29) Concurrent active time: 0.211ms
[2019-08-26T02:43:44.321+0300][148.447s][info ][gc] GC(29) Concurrent Mark 210.719ms
[2019-08-26T02:43:44.321+0300][148.447s][info ][gc] GC(29) Concurrent Preclean
[2019-08-26T02:43:44.360+0300][148.486s][debug][gc] GC(29) Concurrent active time: 0.039ms
[2019-08-26T02:43:44.360+0300][148.486s][info ][gc] GC(29) Concurrent Preclean 39.233ms
[2019-08-26T02:43:44.360+0300][148.486s][info ][gc] GC(29) Concurrent Abortable Preclean
[2019-08-26T02:43:44.360+0300][148.486s][debug][gc] GC(29) Concurrent active time: 0.000ms
[2019-08-26T02:43:44.360+0300][148.486s][info ][gc] GC(29) Concurrent Abortable Preclean 0.020ms
[2019-08-26T02:43:44.366+0300][148.492s][debug][gc] GC(29) YG occupancy: 108505 K (157248 K)
[2019-08-26T02:43:44.391+0300][148.517s][info ][gc] GC(29) Pause Remark 396M->396M(494M) 25.321ms
[2019-08-26T02:43:44.391+0300][148.517s][info ][gc] GC(29) Concurrent Sweep
[2019-08-26T02:43:44.463+0300][148.589s][debug][gc] GC(29) Concurrent active time: 0.072ms
[2019-08-26T02:43:44.463+0300][148.590s][info ][gc] GC(29) Concurrent Sweep 72.319ms
[2019-08-26T02:43:44.463+0300][148.590s][info ][gc] GC(29) Concurrent Reset
[2019-08-26T02:43:44.464+0300][148.590s][debug][gc] GC(29) Concurrent active time: 0.000ms
[2019-08-26T02:43:44.464+0300][148.590s][info ][gc] GC(29) Concurrent Reset 0.224ms
[2019-08-26T02:43:46.484+0300][150.609s][info ][gc] GC(30) Pause Initial Mark 402M->402M(494M) 15.160ms
[2019-08-26T02:43:46.484+0300][150.609s][info ][gc] GC(30) Concurrent Mark
[2019-08-26T02:43:46.694+0300][150.820s][debug][gc] GC(30) Concurrent active time: 0.211ms
[2019-08-26T02:43:46.694+0300][150.820s][info ][gc] GC(30) Concurrent Mark 210.598ms
[2019-08-26T02:43:46.694+0300][150.820s][info ][gc] GC(30) Concurrent Preclean
[2019-08-26T02:43:46.733+0300][150.859s][debug][gc] GC(30) Concurrent active time: 0.039ms
[2019-08-26T02:43:46.733+0300][150.859s][info ][gc] GC(30) Concurrent Preclean 39.042ms
[2019-08-26T02:43:46.733+0300][150.859s][info ][gc] GC(30) Concurrent Abortable Preclean
[2019-08-26T02:43:46.734+0300][150.859s][debug][gc] GC(30) Concurrent active time: 0.000ms
[2019-08-26T02:43:46.734+0300][150.859s][info ][gc] GC(30) Concurrent Abortable Preclean 0.050ms
[2019-08-26T02:43:46.734+0300][150.859s][debug][gc] GC(30) YG occupancy: 113930 K (157248 K)
[2019-08-26T02:43:46.749+0300][150.875s][info ][gc] GC(30) Pause Remark 402M->402M(494M) 15.638ms
[2019-08-26T02:43:46.749+0300][150.875s][info ][gc] GC(30) Concurrent Sweep
[2019-08-26T02:43:46.820+0300][150.945s][debug][gc] GC(30) Concurrent active time: 0.071ms
[2019-08-26T02:43:46.820+0300][150.945s][info ][gc] GC(30) Concurrent Sweep 70.834ms
[2019-08-26T02:43:46.820+0300][150.946s][info ][gc] GC(30) Concurrent Reset
[2019-08-26T02:43:46.820+0300][150.946s][debug][gc] GC(30) Concurrent active time: 0.000ms
[2019-08-26T02:43:46.820+0300][150.946s][info ][gc] GC(30) Concurrent Reset 0.292ms
[2019-08-26T02:43:48.519+0300][152.644s][info ][gc] GC(32) Pause Full (Allocation Failure) 402M->371M(494M) 632.398ms
[2019-08-26T02:43:48.519+0300][152.645s][info ][gc] GC(31) Pause Young (Allocation Failure) 402M->371M(494M) 632.543ms
[2019-08-26T02:43:48.577+0300][152.703s][info ][gc] GC(33) Pause Initial Mark 451M->451M(494M) 55.189ms
[2019-08-26T02:43:48.577+0300][152.703s][info ][gc] GC(33) Concurrent Mark
[2019-08-26T02:43:48.879+0300][153.004s][debug][gc] GC(33) Concurrent active time: 0.301ms
[2019-08-26T02:43:48.879+0300][153.004s][info ][gc] GC(33) Concurrent Mark 301.468ms
[2019-08-26T02:43:48.879+0300][153.004s][info ][gc] GC(33) Concurrent Preclean
[2019-08-26T02:43:49.157+0300][153.283s][debug][gc] GC(33) Concurrent active time: 0.278ms
[2019-08-26T02:43:49.157+0300][153.283s][info ][gc] GC(33) Concurrent Preclean 278.188ms
[2019-08-26T02:43:49.157+0300][153.283s][info ][gc] GC(33) Concurrent Abortable Preclean
[2019-08-26T02:43:49.157+0300][153.283s][debug][gc] GC(33) Concurrent active time: 0.000ms
[2019-08-26T02:43:49.157+0300][153.283s][info ][gc] GC(33) Concurrent Abortable Preclean 0.014ms
[2019-08-26T02:43:49.157+0300][153.283s][debug][gc] GC(33) YG occupancy: 115773 K (157248 K)
[2019-08-26T02:43:49.240+0300][153.365s][info ][gc] GC(33) Pause Remark 454M->454M(494M) 82.808ms
[2019-08-26T02:43:49.240+0300][153.366s][info ][gc] GC(33) Concurrent Sweep
[2019-08-26T02:43:49.336+0300][153.462s][debug][gc] GC(33) Concurrent active time: 0.096ms
[2019-08-26T02:43:49.336+0300][153.462s][info ][gc] GC(33) Concurrent Sweep 96.173ms
[2019-08-26T02:43:49.336+0300][153.462s][info ][gc] GC(33) Concurrent Reset
[2019-08-26T02:43:49.337+0300][153.462s][debug][gc] GC(33) Concurrent active time: 0.000ms
[2019-08-26T02:43:49.337+0300][153.462s][info ][gc] GC(33) Concurrent Reset 0.311ms
[2019-08-26T02:43:51.496+0300][155.622s][info ][gc] GC(34) Pause Initial Mark 457M->457M(494M) 157.375ms
[2019-08-26T02:43:51.496+0300][155.622s][info ][gc] GC(34) Concurrent Mark
[2019-08-26T02:43:51.807+0300][155.933s][debug][gc] GC(34) Concurrent active time: 0.311ms
[2019-08-26T02:43:51.807+0300][155.933s][info ][gc] GC(34) Concurrent Mark 310.974ms
[2019-08-26T02:43:51.807+0300][155.933s][info ][gc] GC(34) Concurrent Preclean
[2019-08-26T02:43:51.807+0300][155.933s][debug][gc] GC(34) Concurrent active time: 0.000ms
[2019-08-26T02:43:51.807+0300][155.933s][info ][gc] GC(34) Concurrent Preclean 0.334ms
[2019-08-26T02:43:51.807+0300][155.933s][info ][gc] GC(34) Concurrent Abortable Preclean
[2019-08-26T02:43:51.807+0300][155.933s][debug][gc] GC(34) Concurrent active time: 0.000ms
[2019-08-26T02:43:51.807+0300][155.933s][info ][gc] GC(34) Concurrent Abortable Preclean 0.019ms
[2019-08-26T02:43:51.809+0300][155.934s][debug][gc] GC(34) YG occupancy: 118472 K (157248 K)
[2019-08-26T02:43:51.891+0300][156.016s][info ][gc] GC(34) Pause Remark 457M->457M(494M) 82.227ms
[2019-08-26T02:43:51.891+0300][156.016s][info ][gc] GC(34) Concurrent Sweep
[2019-08-26T02:43:51.988+0300][156.113s][debug][gc] GC(34) Concurrent active time: 0.097ms
[2019-08-26T02:43:51.988+0300][156.113s][info ][gc] GC(34) Concurrent Sweep 96.799ms
[2019-08-26T02:43:51.988+0300][156.113s][info ][gc] GC(34) Concurrent Reset
[2019-08-26T02:43:51.988+0300][156.114s][debug][gc] GC(34) Concurrent active time: 0.000ms
[2019-08-26T02:43:51.988+0300][156.114s][info ][gc] GC(34) Concurrent Reset 0.304ms
[2019-08-26T02:43:54.147+0300][158.272s][info ][gc] GC(35) Pause Initial Mark 406M->406M(494M) 158.074ms
[2019-08-26T02:43:54.147+0300][158.272s][info ][gc] GC(35) Concurrent Mark
[2019-08-26T02:43:54.458+0300][158.584s][debug][gc] GC(35) Concurrent active time: 0.312ms
[2019-08-26T02:43:54.459+0300][158.584s][info ][gc] GC(35) Concurrent Mark 311.860ms
[2019-08-26T02:43:54.459+0300][158.584s][info ][gc] GC(35) Concurrent Preclean
[2019-08-26T02:43:54.459+0300][158.585s][debug][gc] GC(35) Concurrent active time: 0.000ms
[2019-08-26T02:43:54.459+0300][158.585s][info ][gc] GC(35) Concurrent Preclean 0.331ms
[2019-08-26T02:43:54.459+0300][158.585s][info ][gc] GC(35) Concurrent Abortable Preclean
[2019-08-26T02:43:54.459+0300][158.585s][debug][gc] GC(35) Concurrent active time: 0.000ms
[2019-08-26T02:43:54.459+0300][158.585s][info ][gc] GC(35) Concurrent Abortable Preclean 0.018ms
[2019-08-26T02:43:54.461+0300][158.586s][debug][gc] GC(35) YG occupancy: 121170 K (157248 K)
[2019-08-26T02:43:54.544+0300][158.669s][info ][gc] GC(35) Pause Remark 406M->406M(494M) 83.020ms
[2019-08-26T02:43:54.544+0300][158.669s][info ][gc] GC(35) Concurrent Sweep
[2019-08-26T02:43:54.640+0300][158.766s][debug][gc] GC(35) Concurrent active time: 0.096ms
[2019-08-26T02:43:54.640+0300][158.766s][info ][gc] GC(35) Concurrent Sweep 96.477ms
[2019-08-26T02:43:54.640+0300][158.766s][info ][gc] GC(35) Concurrent Reset
[2019-08-26T02:43:54.640+0300][158.766s][debug][gc] GC(35) Concurrent active time: 0.000ms
[2019-08-26T02:43:54.641+0300][158.766s][info ][gc] GC(35) Concurrent Reset 0.307ms
[2019-08-26T02:43:56.801+0300][160.926s][info ][gc] GC(36) Pause Initial Mark 409M->409M(494M) 157.989ms
[2019-08-26T02:43:56.801+0300][160.927s][info ][gc] GC(36) Concurrent Mark
[2019-08-26T02:43:57.113+0300][161.239s][debug][gc] GC(36) Concurrent active time: 0.313ms
[2019-08-26T02:43:57.113+0300][161.239s][info ][gc] GC(36) Concurrent Mark 312.635ms
[2019-08-26T02:43:57.113+0300][161.239s][info ][gc] GC(36) Concurrent Preclean
[2019-08-26T02:43:57.114+0300][161.239s][debug][gc] GC(36) Concurrent active time: 0.000ms
[2019-08-26T02:43:57.114+0300][161.239s][info ][gc] GC(36) Concurrent Preclean 0.323ms
[2019-08-26T02:43:57.114+0300][161.239s][info ][gc] GC(36) Concurrent Abortable Preclean
[2019-08-26T02:43:57.114+0300][161.239s][debug][gc] GC(36) Concurrent active time: 0.000ms
[2019-08-26T02:43:57.114+0300][161.239s][info ][gc] GC(36) Concurrent Abortable Preclean 0.014ms
[2019-08-26T02:43:57.114+0300][161.240s][debug][gc] GC(36) YG occupancy: 123869 K (157248 K)
[2019-08-26T02:43:57.196+0300][161.322s][info ][gc] GC(36) Pause Remark 409M->409M(494M) 82.128ms
[2019-08-26T02:43:57.196+0300][161.322s][info ][gc] GC(36) Concurrent Sweep
[2019-08-26T02:43:57.293+0300][161.419s][debug][gc] GC(36) Concurrent active time: 0.097ms
[2019-08-26T02:43:57.293+0300][161.419s][info ][gc] GC(36) Concurrent Sweep 96.846ms
[2019-08-26T02:43:57.293+0300][161.419s][info ][gc] GC(36) Concurrent Reset
[2019-08-26T02:43:57.293+0300][161.419s][debug][gc] GC(36) Concurrent active time: 0.000ms
[2019-08-26T02:43:57.293+0300][161.419s][info ][gc] GC(36) Concurrent Reset 0.273ms
[2019-08-26T02:43:59.453+0300][163.579s][info ][gc] GC(37) Pause Initial Mark 412M->412M(494M) 158.844ms
[2019-08-26T02:43:59.454+0300][163.579s][info ][gc] GC(37) Concurrent Mark
[2019-08-26T02:43:59.765+0300][163.891s][debug][gc] GC(37) Concurrent active time: 0.311ms
[2019-08-26T02:43:59.765+0300][163.891s][info ][gc] GC(37) Concurrent Mark 311.335ms
[2019-08-26T02:43:59.765+0300][163.891s][info ][gc] GC(37) Concurrent Preclean
[2019-08-26T02:43:59.765+0300][163.891s][debug][gc] GC(37) Concurrent active time: 0.000ms
[2019-08-26T02:43:59.765+0300][163.891s][info ][gc] GC(37) Concurrent Preclean 0.339ms
[2019-08-26T02:43:59.765+0300][163.891s][info ][gc] GC(37) Concurrent Abortable Preclean
[2019-08-26T02:43:59.765+0300][163.891s][debug][gc] GC(37) Concurrent active time: 0.000ms
[2019-08-26T02:43:59.765+0300][163.891s][info ][gc] GC(37) Concurrent Abortable Preclean 0.025ms
[2019-08-26T02:43:59.771+0300][163.897s][debug][gc] GC(37) YG occupancy: 126568 K (157248 K)
[2019-08-26T02:43:59.853+0300][163.979s][info ][gc] GC(37) Pause Remark 412M->412M(494M) 82.307ms
[2019-08-26T02:43:59.853+0300][163.979s][info ][gc] GC(37) Concurrent Sweep
[2019-08-26T02:43:59.949+0300][164.075s][debug][gc] GC(37) Concurrent active time: 0.096ms
[2019-08-26T02:43:59.949+0300][164.075s][info ][gc] GC(37) Concurrent Sweep 96.320ms
[2019-08-26T02:43:59.949+0300][164.075s][info ][gc] GC(37) Concurrent Reset
[2019-08-26T02:43:59.950+0300][164.076s][debug][gc] GC(37) Concurrent active time: 0.000ms
[2019-08-26T02:43:59.950+0300][164.076s][info ][gc] GC(37) Concurrent Reset 0.320ms
[2019-08-26T02:44:02.108+0300][166.234s][info ][gc] GC(38) Pause Initial Mark 414M->414M(494M) 158.298ms
[2019-08-26T02:44:02.108+0300][166.234s][info ][gc] GC(38) Concurrent Mark
[2019-08-26T02:44:02.424+0300][166.549s][debug][gc] GC(38) Concurrent active time: 0.315ms
[2019-08-26T02:44:02.424+0300][166.549s][info ][gc] GC(38) Concurrent Mark 314.916ms
[2019-08-26T02:44:02.424+0300][166.549s][info ][gc] GC(38) Concurrent Preclean
[2019-08-26T02:44:02.424+0300][166.549s][debug][gc] GC(38) Concurrent active time: 0.000ms
[2019-08-26T02:44:02.424+0300][166.549s][info ][gc] GC(38) Concurrent Preclean 0.323ms
[2019-08-26T02:44:02.424+0300][166.549s][info ][gc] GC(38) Concurrent Abortable Preclean
[2019-08-26T02:44:02.424+0300][166.549s][debug][gc] GC(38) Concurrent active time: 0.000ms
[2019-08-26T02:44:02.424+0300][166.549s][info ][gc] GC(38) Concurrent Abortable Preclean 0.018ms
[2019-08-26T02:44:02.430+0300][166.555s][debug][gc] GC(38) YG occupancy: 129267 K (157248 K)
[2019-08-26T02:44:02.512+0300][166.637s][info ][gc] GC(38) Pause Remark 414M->414M(494M) 82.379ms
[2019-08-26T02:44:02.512+0300][166.637s][info ][gc] GC(38) Concurrent Sweep
[2019-08-26T02:44:02.609+0300][166.734s][debug][gc] GC(38) Concurrent active time: 0.097ms
[2019-08-26T02:44:02.609+0300][166.734s][info ][gc] GC(38) Concurrent Sweep 96.861ms
[2019-08-26T02:44:02.609+0300][166.734s][info ][gc] GC(38) Concurrent Reset
[2019-08-26T02:44:02.609+0300][166.734s][debug][gc] GC(38) Concurrent active time: 0.000ms
[2019-08-26T02:44:02.609+0300][166.734s][info ][gc] GC(38) Concurrent Reset 0.355ms
[2019-08-26T02:44:04.770+0300][168.895s][info ][gc] GC(39) Pause Initial Mark 420M->420M(494M) 158.534ms
[2019-08-26T02:44:04.770+0300][168.895s][info ][gc] GC(39) Concurrent Mark
[2019-08-26T02:44:05.087+0300][169.213s][debug][gc] GC(39) Concurrent active time: 0.317ms
[2019-08-26T02:44:05.087+0300][169.213s][info ][gc] GC(39) Concurrent Mark 317.204ms
[2019-08-26T02:44:05.087+0300][169.213s][info ][gc] GC(39) Concurrent Preclean
[2019-08-26T02:44:05.088+0300][169.213s][debug][gc] GC(39) Concurrent active time: 0.000ms
[2019-08-26T02:44:05.088+0300][169.213s][info ][gc] GC(39) Concurrent Preclean 0.350ms
[2019-08-26T02:44:05.088+0300][169.213s][info ][gc] GC(39) Concurrent Abortable Preclean
[2019-08-26T02:44:05.088+0300][169.213s][debug][gc] GC(39) Concurrent active time: 0.000ms
[2019-08-26T02:44:05.088+0300][169.213s][info ][gc] GC(39) Concurrent Abortable Preclean 0.019ms
[2019-08-26T02:44:05.088+0300][169.213s][debug][gc] GC(39) YG occupancy: 134664 K (157248 K)
[2019-08-26T02:44:05.171+0300][169.296s][info ][gc] GC(39) Pause Remark 420M->420M(494M) 82.917ms
[2019-08-26T02:44:05.171+0300][169.296s][info ][gc] GC(39) Concurrent Sweep
[2019-08-26T02:44:05.267+0300][169.393s][debug][gc] GC(39) Concurrent active time: 0.096ms
[2019-08-26T02:44:05.267+0300][169.393s][info ][gc] GC(39) Concurrent Sweep 96.449ms
[2019-08-26T02:44:05.267+0300][169.393s][info ][gc] GC(39) Concurrent Reset
[2019-08-26T02:44:05.268+0300][169.393s][debug][gc] GC(39) Concurrent active time: 0.000ms
[2019-08-26T02:44:05.268+0300][169.393s][info ][gc] GC(39) Concurrent Reset 0.291ms
[2019-08-26T02:44:07.429+0300][171.554s][info ][gc] GC(40) Pause Initial Mark 422M->422M(494M) 158.560ms
[2019-08-26T02:44:07.429+0300][171.555s][info ][gc] GC(40) Concurrent Mark
[2019-08-26T02:44:07.742+0300][171.867s][debug][gc] GC(40) Concurrent active time: 0.312ms
[2019-08-26T02:44:07.742+0300][171.867s][info ][gc] GC(40) Concurrent Mark 312.460ms
[2019-08-26T02:44:07.742+0300][171.867s][info ][gc] GC(40) Concurrent Preclean
[2019-08-26T02:44:07.742+0300][171.867s][debug][gc] GC(40) Concurrent active time: 0.000ms
[2019-08-26T02:44:07.742+0300][171.867s][info ][gc] GC(40) Concurrent Preclean 0.308ms
[2019-08-26T02:44:07.742+0300][171.867s][info ][gc] GC(40) Concurrent Abortable Preclean
[2019-08-26T02:44:07.742+0300][171.867s][debug][gc] GC(40) Concurrent active time: 0.000ms
[2019-08-26T02:44:07.742+0300][171.867s][info ][gc] GC(40) Concurrent Abortable Preclean 0.017ms
[2019-08-26T02:44:07.742+0300][171.867s][debug][gc] GC(40) YG occupancy: 137363 K (157248 K)
[2019-08-26T02:44:07.825+0300][171.950s][info ][gc] GC(40) Pause Remark 422M->422M(494M) 82.512ms
[2019-08-26T02:44:07.825+0300][171.950s][info ][gc] GC(40) Concurrent Sweep
[2019-08-26T02:44:07.921+0300][172.046s][debug][gc] GC(40) Concurrent active time: 0.096ms
[2019-08-26T02:44:07.921+0300][172.046s][info ][gc] GC(40) Concurrent Sweep 96.447ms
[2019-08-26T02:44:07.921+0300][172.046s][info ][gc] GC(40) Concurrent Reset
[2019-08-26T02:44:07.921+0300][172.047s][debug][gc] GC(40) Concurrent active time: 0.000ms
[2019-08-26T02:44:07.921+0300][172.047s][info ][gc] GC(40) Concurrent Reset 0.300ms
[2019-08-26T02:44:10.081+0300][174.207s][info ][gc] GC(41) Pause Initial Mark 424M->424M(494M) 158.865ms
[2019-08-26T02:44:10.082+0300][174.207s][info ][gc] GC(41) Concurrent Mark
[2019-08-26T02:44:10.393+0300][174.519s][debug][gc] GC(41) Concurrent active time: 0.312ms
[2019-08-26T02:44:10.393+0300][174.519s][info ][gc] GC(41) Concurrent Mark 311.672ms
[2019-08-26T02:44:10.393+0300][174.519s][info ][gc] GC(41) Concurrent Preclean
[2019-08-26T02:44:10.394+0300][174.519s][debug][gc] GC(41) Concurrent active time: 0.000ms
[2019-08-26T02:44:10.394+0300][174.519s][info ][gc] GC(41) Concurrent Preclean 0.370ms
[2019-08-26T02:44:10.394+0300][174.519s][info ][gc] GC(41) Concurrent Abortable Preclean
[2019-08-26T02:44:10.394+0300][174.519s][debug][gc] GC(41) Concurrent active time: 0.000ms
[2019-08-26T02:44:10.394+0300][174.519s][info ][gc] GC(41) Concurrent Abortable Preclean 0.028ms
[2019-08-26T02:44:10.397+0300][174.522s][debug][gc] GC(41) YG occupancy: 139776 K (157248 K)
[2019-08-26T02:44:10.480+0300][174.605s][info ][gc] GC(41) Pause Remark 424M->424M(494M) 83.244ms
[2019-08-26T02:44:10.480+0300][174.605s][info ][gc] GC(41) Concurrent Sweep
[2019-08-26T02:44:10.576+0300][174.701s][debug][gc] GC(41) Concurrent active time: 0.096ms
[2019-08-26T02:44:10.576+0300][174.701s][info ][gc] GC(41) Concurrent Sweep 96.159ms
[2019-08-26T02:44:10.576+0300][174.702s][info ][gc] GC(41) Concurrent Reset
[2019-08-26T02:44:10.576+0300][174.702s][debug][gc] GC(41) Concurrent active time: 0.000ms
[2019-08-26T02:44:10.576+0300][174.702s][info ][gc] GC(41) Concurrent Reset 0.295ms
[2019-08-26T02:44:12.738+0300][176.863s][info ][gc] GC(42) Pause Initial Mark 425M->425M(494M) 158.363ms
[2019-08-26T02:44:12.738+0300][176.864s][info ][gc] GC(42) Concurrent Mark
[2019-08-26T02:44:13.050+0300][177.175s][debug][gc] GC(42) Concurrent active time: 0.312ms
[2019-08-26T02:44:13.050+0300][177.175s][info ][gc] GC(42) Concurrent Mark 311.766ms
[2019-08-26T02:44:13.050+0300][177.175s][info ][gc] GC(42) Concurrent Preclean
[2019-08-26T02:44:13.050+0300][177.176s][debug][gc] GC(42) Concurrent active time: 0.000ms
[2019-08-26T02:44:13.050+0300][177.176s][info ][gc] GC(42) Concurrent Preclean 0.366ms
[2019-08-26T02:44:13.050+0300][177.176s][info ][gc] GC(42) Concurrent Abortable Preclean
[2019-08-26T02:44:13.050+0300][177.176s][debug][gc] GC(42) Concurrent active time: 0.000ms
[2019-08-26T02:44:13.050+0300][177.176s][info ][gc] GC(42) Concurrent Abortable Preclean 0.019ms
[2019-08-26T02:44:13.054+0300][177.179s][debug][gc] GC(42) YG occupancy: 141171 K (157248 K)
[2019-08-26T02:44:13.137+0300][177.262s][info ][gc] GC(42) Pause Remark 426M->426M(494M) 83.070ms
[2019-08-26T02:44:13.137+0300][177.262s][info ][gc] GC(42) Concurrent Sweep
[2019-08-26T02:44:13.233+0300][177.359s][debug][gc] GC(42) Concurrent active time: 0.097ms
[2019-08-26T02:44:13.233+0300][177.359s][info ][gc] GC(42) Concurrent Sweep 96.606ms
[2019-08-26T02:44:13.233+0300][177.359s][info ][gc] GC(42) Concurrent Reset
[2019-08-26T02:44:13.234+0300][177.359s][debug][gc] GC(42) Concurrent active time: 0.000ms
[2019-08-26T02:44:13.234+0300][177.359s][info ][gc] GC(42) Concurrent Reset 0.304ms
[2019-08-26T02:44:15.395+0300][179.520s][info ][gc] GC(43) Pause Initial Mark 428M->428M(494M) 158.026ms
[2019-08-26T02:44:15.395+0300][179.520s][info ][gc] GC(43) Concurrent Mark
[2019-08-26T02:44:15.705+0300][179.831s][debug][gc] GC(43) Concurrent active time: 0.311ms
[2019-08-26T02:44:15.705+0300][179.831s][info ][gc] GC(43) Concurrent Mark 310.701ms
[2019-08-26T02:44:15.705+0300][179.831s][info ][gc] GC(43) Concurrent Preclean
[2019-08-26T02:44:15.706+0300][179.831s][debug][gc] GC(43) Concurrent active time: 0.000ms
[2019-08-26T02:44:15.706+0300][179.831s][info ][gc] GC(43) Concurrent Preclean 0.341ms
[2019-08-26T02:44:15.706+0300][179.831s][info ][gc] GC(43) Concurrent Abortable Preclean
[2019-08-26T02:44:15.706+0300][179.831s][debug][gc] GC(43) Concurrent active time: 0.000ms
[2019-08-26T02:44:15.706+0300][179.831s][info ][gc] GC(43) Concurrent Abortable Preclean 0.019ms
[2019-08-26T02:44:15.708+0300][179.833s][debug][gc] GC(43) YG occupancy: 143983 K (157248 K)
[2019-08-26T02:44:15.792+0300][179.918s][info ][gc] GC(43) Pause Remark 429M->429M(494M) 84.365ms
[2019-08-26T02:44:15.792+0300][179.918s][info ][gc] GC(43) Concurrent Sweep
[2019-08-26T02:44:15.888+0300][180.014s][debug][gc] GC(43) Concurrent active time: 0.096ms
[2019-08-26T02:44:15.888+0300][180.014s][info ][gc] GC(43) Concurrent Sweep 96.190ms
[2019-08-26T02:44:15.888+0300][180.014s][info ][gc] GC(43) Concurrent Reset
[2019-08-26T02:44:15.888+0300][180.014s][debug][gc] GC(43) Concurrent active time: 0.000ms
[2019-08-26T02:44:15.888+0300][180.014s][info ][gc] GC(43) Concurrent Reset 0.280ms
[2019-08-26T02:44:18.047+0300][182.173s][info ][gc] GC(44) Pause Initial Mark 431M->431M(494M) 158.184ms
[2019-08-26T02:44:18.047+0300][182.173s][info ][gc] GC(44) Concurrent Mark
[2019-08-26T02:44:18.358+0300][182.484s][debug][gc] GC(44) Concurrent active time: 0.311ms
[2019-08-26T02:44:18.358+0300][182.484s][info ][gc] GC(44) Concurrent Mark 311.063ms
[2019-08-26T02:44:18.358+0300][182.484s][info ][gc] GC(44) Concurrent Preclean
[2019-08-26T02:44:18.358+0300][182.484s][debug][gc] GC(44) Concurrent active time: 0.000ms
[2019-08-26T02:44:18.358+0300][182.484s][info ][gc] GC(44) Concurrent Preclean 0.325ms
[2019-08-26T02:44:18.358+0300][182.484s][info ][gc] GC(44) Concurrent Abortable Preclean
[2019-08-26T02:44:18.358+0300][182.484s][debug][gc] GC(44) Concurrent active time: 0.000ms
[2019-08-26T02:44:18.358+0300][182.484s][info ][gc] GC(44) Concurrent Abortable Preclean 0.018ms
[2019-08-26T02:44:18.361+0300][182.486s][debug][gc] GC(44) YG occupancy: 146796 K (157248 K)
[2019-08-26T02:44:18.444+0300][182.570s][info ][gc] GC(44) Pause Remark 431M->431M(494M) 83.296ms
[2019-08-26T02:44:18.444+0300][182.570s][info ][gc] GC(44) Concurrent Sweep
[2019-08-26T02:44:18.541+0300][182.666s][debug][gc] GC(44) Concurrent active time: 0.097ms
[2019-08-26T02:44:18.541+0300][182.666s][info ][gc] GC(44) Concurrent Sweep 96.701ms
[2019-08-26T02:44:18.541+0300][182.666s][info ][gc] GC(44) Concurrent Reset
[2019-08-26T02:44:18.541+0300][182.667s][debug][gc] GC(44) Concurrent active time: 0.000ms
[2019-08-26T02:44:18.541+0300][182.667s][info ][gc] GC(44) Concurrent Reset 0.298ms
[2019-08-26T02:44:20.703+0300][184.828s][info ][gc] GC(45) Pause Initial Mark 433M->433M(494M) 160.050ms
[2019-08-26T02:44:20.703+0300][184.828s][info ][gc] GC(45) Concurrent Mark
[2019-08-26T02:44:21.014+0300][185.139s][debug][gc] GC(45) Concurrent active time: 0.311ms
[2019-08-26T02:44:21.014+0300][185.139s][info ][gc] GC(45) Concurrent Mark 311.239ms
[2019-08-26T02:44:21.014+0300][185.139s][info ][gc] GC(45) Concurrent Preclean
[2019-08-26T02:44:21.014+0300][185.139s][debug][gc] GC(45) Concurrent active time: 0.000ms
[2019-08-26T02:44:21.014+0300][185.139s][info ][gc] GC(45) Concurrent Preclean 0.341ms
[2019-08-26T02:44:21.014+0300][185.139s][info ][gc] GC(45) Concurrent Abortable Preclean
[2019-08-26T02:44:21.014+0300][185.139s][debug][gc] GC(45) Concurrent active time: 0.000ms
[2019-08-26T02:44:21.014+0300][185.139s][info ][gc] GC(45) Concurrent Abortable Preclean 0.019ms
[2019-08-26T02:44:21.020+0300][185.144s][debug][gc] GC(45) YG occupancy: 149608 K (157248 K)
[2019-08-26T02:44:21.104+0300][185.229s][info ][gc] GC(45) Pause Remark 434M->434M(494M) 84.055ms
[2019-08-26T02:44:21.104+0300][185.229s][info ][gc] GC(45) Concurrent Sweep
[2019-08-26T02:44:21.200+0300][185.325s][debug][gc] GC(45) Concurrent active time: 0.096ms
[2019-08-26T02:44:21.200+0300][185.325s][info ][gc] GC(45) Concurrent Sweep 96.403ms
[2019-08-26T02:44:21.200+0300][185.325s][info ][gc] GC(45) Concurrent Reset
[2019-08-26T02:44:21.200+0300][185.325s][debug][gc] GC(45) Concurrent active time: 0.000ms
[2019-08-26T02:44:21.200+0300][185.325s][info ][gc] GC(45) Concurrent Reset 0.269ms
[2019-08-26T02:44:23.362+0300][187.487s][info ][gc] GC(46) Pause Initial Mark 436M->436M(494M) 158.737ms
[2019-08-26T02:44:23.362+0300][187.487s][info ][gc] GC(46) Concurrent Mark
[2019-08-26T02:44:23.673+0300][187.798s][debug][gc] GC(46) Concurrent active time: 0.310ms
[2019-08-26T02:44:23.673+0300][187.798s][info ][gc] GC(46) Concurrent Mark 310.209ms
[2019-08-26T02:44:23.673+0300][187.798s][info ][gc] GC(46) Concurrent Preclean
[2019-08-26T02:44:23.673+0300][187.798s][debug][gc] GC(46) Concurrent active time: 0.000ms
[2019-08-26T02:44:23.673+0300][187.798s][info ][gc] GC(46) Concurrent Preclean 0.348ms
[2019-08-26T02:44:23.673+0300][187.798s][info ][gc] GC(46) Concurrent Abortable Preclean
[2019-08-26T02:44:23.673+0300][187.798s][debug][gc] GC(46) Concurrent active time: 0.000ms
[2019-08-26T02:44:23.673+0300][187.798s][info ][gc] GC(46) Concurrent Abortable Preclean 0.019ms
[2019-08-26T02:44:23.676+0300][187.801s][debug][gc] GC(46) YG occupancy: 152421 K (157248 K)
[2019-08-26T02:44:23.759+0300][187.884s][info ][gc] GC(46) Pause Remark 437M->437M(494M) 83.423ms
[2019-08-26T02:44:23.759+0300][187.884s][info ][gc] GC(46) Concurrent Sweep
[2019-08-26T02:44:23.855+0300][187.980s][debug][gc] GC(46) Concurrent active time: 0.095ms
[2019-08-26T02:44:23.855+0300][187.980s][info ][gc] GC(46) Concurrent Sweep 95.482ms
[2019-08-26T02:44:23.855+0300][187.980s][info ][gc] GC(46) Concurrent Reset
[2019-08-26T02:44:23.855+0300][187.980s][debug][gc] GC(46) Concurrent active time: 0.000ms
[2019-08-26T02:44:23.855+0300][187.980s][info ][gc] GC(46) Concurrent Reset 0.289ms
[2019-08-26T02:44:26.019+0300][190.144s][info ][gc] GC(47) Pause Initial Mark 439M->439M(494M) 159.094ms
[2019-08-26T02:44:26.019+0300][190.144s][info ][gc] GC(47) Concurrent Mark
[2019-08-26T02:44:26.330+0300][190.455s][debug][gc] GC(47) Concurrent active time: 0.311ms
[2019-08-26T02:44:26.330+0300][190.455s][info ][gc] GC(47) Concurrent Mark 310.893ms
[2019-08-26T02:44:26.330+0300][190.455s][info ][gc] GC(47) Concurrent Preclean
[2019-08-26T02:44:26.330+0300][190.455s][debug][gc] GC(47) Concurrent active time: 0.000ms
[2019-08-26T02:44:26.330+0300][190.455s][info ][gc] GC(47) Concurrent Preclean 0.332ms
[2019-08-26T02:44:26.330+0300][190.455s][info ][gc] GC(47) Concurrent Abortable Preclean
[2019-08-26T02:44:26.330+0300][190.455s][debug][gc] GC(47) Concurrent active time: 0.000ms
[2019-08-26T02:44:26.330+0300][190.455s][info ][gc] GC(47) Concurrent Abortable Preclean 0.019ms
[2019-08-26T02:44:26.334+0300][190.459s][debug][gc] GC(47) YG occupancy: 155233 K (157248 K)
[2019-08-26T02:44:26.418+0300][190.543s][info ][gc] GC(47) Pause Remark 440M->440M(494M) 84.710ms
[2019-08-26T02:44:26.418+0300][190.543s][info ][gc] GC(47) Concurrent Sweep
[2019-08-26T02:44:26.515+0300][190.640s][debug][gc] GC(47) Concurrent active time: 0.097ms
[2019-08-26T02:44:26.515+0300][190.640s][info ][gc] GC(47) Concurrent Sweep 96.657ms
[2019-08-26T02:44:26.515+0300][190.640s][info ][gc] GC(47) Concurrent Reset
[2019-08-26T02:44:26.515+0300][190.640s][debug][gc] GC(47) Concurrent active time: 0.000ms
[2019-08-26T02:44:26.515+0300][190.640s][info ][gc] GC(47) Concurrent Reset 0.283ms
[2019-08-26T02:44:28.940+0300][193.066s][info ][gc] GC(49) Pause Full (Allocation Failure) 441M->441M(494M) 720.273ms
[2019-08-26T02:44:28.940+0300][193.066s][info ][gc] GC(48) Pause Young (Allocation Failure) 441M->441M(494M) 720.342ms
[2019-08-26T02:44:29.117+0300][193.242s][info ][gc] GC(50) Pause Initial Mark 443M->443M(494M) 176.483ms
[2019-08-26T02:44:29.117+0300][193.242s][info ][gc] GC(50) Concurrent Mark
[2019-08-26T02:44:29.463+0300][193.588s][debug][gc] GC(50) Concurrent active time: 0.345ms
[2019-08-26T02:44:29.463+0300][193.588s][info ][gc] GC(50) Concurrent Mark 345.506ms
[2019-08-26T02:44:29.463+0300][193.588s][info ][gc] GC(50) Concurrent Preclean
[2019-08-26T02:44:29.724+0300][193.850s][debug][gc] GC(50) Concurrent active time: 0.262ms
[2019-08-26T02:44:29.724+0300][193.850s][info ][gc] GC(50) Concurrent Preclean 261.714ms
[2019-08-26T02:44:29.724+0300][193.850s][info ][gc] GC(50) Concurrent Abortable Preclean
[2019-08-26T02:44:29.724+0300][193.850s][debug][gc] GC(50) Concurrent active time: 0.000ms
[2019-08-26T02:44:29.724+0300][193.850s][info ][gc] GC(50) Concurrent Abortable Preclean 0.015ms
[2019-08-26T02:44:29.724+0300][193.850s][debug][gc] GC(50) YG occupancy: 128328 K (157248 K)
[2019-08-26T02:44:29.819+0300][193.944s][info ][gc] GC(50) Pause Remark 443M->443M(494M) 94.152ms
[2019-08-26T02:44:29.819+0300][193.944s][info ][gc] GC(50) Concurrent Sweep
[2019-08-26T02:44:29.927+0300][194.053s][debug][gc] GC(50) Concurrent active time: 0.109ms
[2019-08-26T02:44:29.927+0300][194.053s][info ][gc] GC(50) Concurrent Sweep 108.747ms
[2019-08-26T02:44:29.927+0300][194.053s][info ][gc] GC(50) Concurrent Reset
[2019-08-26T02:44:29.928+0300][194.053s][debug][gc] GC(50) Concurrent active time: 0.000ms
[2019-08-26T02:44:29.928+0300][194.053s][info ][gc] GC(50) Concurrent Reset 0.443ms
[2019-08-26T02:44:32.108+0300][196.234s][info ][gc] GC(51) Pause Initial Mark 446M->446M(494M) 176.828ms
[2019-08-26T02:44:32.109+0300][196.234s][info ][gc] GC(51) Concurrent Mark
[2019-08-26T02:44:32.455+0300][196.580s][debug][gc] GC(51) Concurrent active time: 0.346ms
[2019-08-26T02:44:32.455+0300][196.580s][info ][gc] GC(51) Concurrent Mark 346.084ms
[2019-08-26T02:44:32.455+0300][196.580s][info ][gc] GC(51) Concurrent Preclean
[2019-08-26T02:44:32.455+0300][196.580s][debug][gc] GC(51) Concurrent active time: 0.000ms
[2019-08-26T02:44:32.455+0300][196.580s][info ][gc] GC(51) Concurrent Preclean 0.296ms
[2019-08-26T02:44:32.455+0300][196.580s][info ][gc] GC(51) Concurrent Abortable Preclean
[2019-08-26T02:44:32.455+0300][196.580s][debug][gc] GC(51) Concurrent active time: 0.000ms
[2019-08-26T02:44:32.455+0300][196.580s][info ][gc] GC(51) Concurrent Abortable Preclean 0.016ms
[2019-08-26T02:44:32.455+0300][196.580s][debug][gc] GC(51) YG occupancy: 131219 K (157248 K)
[2019-08-26T02:44:32.547+0300][196.672s][info ][gc] GC(51) Pause Remark 446M->446M(494M) 91.689ms
[2019-08-26T02:44:32.547+0300][196.672s][info ][gc] GC(51) Concurrent Sweep
[2019-08-26T02:44:32.655+0300][196.781s][debug][gc] GC(51) Concurrent active time: 0.109ms
[2019-08-26T02:44:32.655+0300][196.781s][info ][gc] GC(51) Concurrent Sweep 108.583ms
[2019-08-26T02:44:32.655+0300][196.781s][info ][gc] GC(51) Concurrent Reset
[2019-08-26T02:44:32.656+0300][196.781s][debug][gc] GC(51) Concurrent active time: 0.000ms
[2019-08-26T02:44:32.656+0300][196.781s][info ][gc] GC(51) Concurrent Reset 0.331ms
[2019-08-26T02:44:34.837+0300][198.963s][info ][gc] GC(52) Pause Initial Mark 449M->449M(494M) 177.826ms
[2019-08-26T02:44:34.838+0300][198.963s][info ][gc] GC(52) Concurrent Mark
[2019-08-26T02:44:35.184+0300][199.309s][debug][gc] GC(52) Concurrent active time: 0.346ms
[2019-08-26T02:44:35.184+0300][199.309s][info ][gc] GC(52) Concurrent Mark 346.366ms
[2019-08-26T02:44:35.184+0300][199.309s][info ][gc] GC(52) Concurrent Preclean
[2019-08-26T02:44:35.184+0300][199.310s][debug][gc] GC(52) Concurrent active time: 0.000ms
[2019-08-26T02:44:35.184+0300][199.310s][info ][gc] GC(52) Concurrent Preclean 0.294ms
[2019-08-26T02:44:35.184+0300][199.310s][info ][gc] GC(52) Concurrent Abortable Preclean
[2019-08-26T02:44:35.184+0300][199.310s][debug][gc] GC(52) Concurrent active time: 0.000ms
[2019-08-26T02:44:35.184+0300][199.310s][info ][gc] GC(52) Concurrent Abortable Preclean 0.016ms
[2019-08-26T02:44:35.184+0300][199.310s][debug][gc] GC(52) YG occupancy: 133861 K (157248 K)
[2019-08-26T02:44:35.278+0300][199.403s][info ][gc] GC(52) Pause Remark 449M->449M(494M) 93.547ms
[2019-08-26T02:44:35.278+0300][199.403s][info ][gc] GC(52) Concurrent Sweep
[2019-08-26T02:44:35.386+0300][199.511s][debug][gc] GC(52) Concurrent active time: 0.108ms
[2019-08-26T02:44:35.386+0300][199.511s][info ][gc] GC(52) Concurrent Sweep 107.934ms
[2019-08-26T02:44:35.386+0300][199.511s][info ][gc] GC(52) Concurrent Reset
[2019-08-26T02:44:35.386+0300][199.512s][debug][gc] GC(52) Concurrent active time: 0.000ms
[2019-08-26T02:44:35.386+0300][199.512s][info ][gc] GC(52) Concurrent Reset 0.290ms
[2019-08-26T02:44:37.565+0300][201.690s][info ][gc] GC(53) Pause Initial Mark 451M->451M(494M) 176.855ms
[2019-08-26T02:44:37.566+0300][201.690s][info ][gc] GC(53) Concurrent Mark
[2019-08-26T02:44:37.912+0300][202.037s][debug][gc] GC(53) Concurrent active time: 0.347ms
[2019-08-26T02:44:37.912+0300][202.037s][info ][gc] GC(53) Concurrent Mark 346.888ms
[2019-08-26T02:44:37.912+0300][202.037s][info ][gc] GC(53) Concurrent Preclean
[2019-08-26T02:44:37.913+0300][202.037s][debug][gc] GC(53) Concurrent active time: 0.000ms
[2019-08-26T02:44:37.913+0300][202.037s][info ][gc] GC(53) Concurrent Preclean 0.429ms
[2019-08-26T02:44:37.913+0300][202.037s][info ][gc] GC(53) Concurrent Abortable Preclean
[2019-08-26T02:44:37.913+0300][202.037s][debug][gc] GC(53) Concurrent active time: 0.000ms
[2019-08-26T02:44:37.913+0300][202.038s][info ][gc] GC(53) Concurrent Abortable Preclean 0.017ms
[2019-08-26T02:44:37.913+0300][202.038s][debug][gc] GC(53) YG occupancy: 136502 K (157248 K)
[2019-08-26T02:44:38.006+0300][202.130s][info ][gc] GC(53) Pause Remark 451M->451M(494M) 92.600ms
[2019-08-26T02:44:38.006+0300][202.130s][info ][gc] GC(53) Concurrent Sweep
[2019-08-26T02:44:38.114+0300][202.238s][debug][gc] GC(53) Concurrent active time: 0.108ms
[2019-08-26T02:44:38.114+0300][202.239s][info ][gc] GC(53) Concurrent Sweep 108.291ms
[2019-08-26T02:44:38.114+0300][202.239s][info ][gc] GC(53) Concurrent Reset
[2019-08-26T02:44:38.114+0300][202.239s][debug][gc] GC(53) Concurrent active time: 0.000ms
[2019-08-26T02:44:38.114+0300][202.239s][info ][gc] GC(53) Concurrent Reset 0.326ms
[2019-08-26T02:44:40.296+0300][204.421s][info ][gc] GC(54) Pause Initial Mark 454M->454M(494M) 177.314ms
[2019-08-26T02:44:40.296+0300][204.421s][info ][gc] GC(54) Concurrent Mark
[2019-08-26T02:44:40.644+0300][204.769s][debug][gc] GC(54) Concurrent active time: 0.348ms
[2019-08-26T02:44:40.644+0300][204.769s][info ][gc] GC(54) Concurrent Mark 347.861ms
[2019-08-26T02:44:40.644+0300][204.769s][info ][gc] GC(54) Concurrent Preclean
[2019-08-26T02:44:40.644+0300][204.769s][debug][gc] GC(54) Concurrent active time: 0.000ms
[2019-08-26T02:44:40.644+0300][204.769s][info ][gc] GC(54) Concurrent Preclean 0.314ms
[2019-08-26T02:44:40.644+0300][204.769s][info ][gc] GC(54) Concurrent Abortable Preclean
[2019-08-26T02:44:40.644+0300][204.769s][debug][gc] GC(54) Concurrent active time: 0.000ms
[2019-08-26T02:44:40.644+0300][204.769s][info ][gc] GC(54) Concurrent Abortable Preclean 0.018ms
[2019-08-26T02:44:40.644+0300][204.769s][debug][gc] GC(54) YG occupancy: 139143 K (157248 K)
[2019-08-26T02:44:40.738+0300][204.863s][info ][gc] GC(54) Pause Remark 454M->454M(494M) 93.699ms
[2019-08-26T02:44:40.738+0300][204.863s][info ][gc] GC(54) Concurrent Sweep
[2019-08-26T02:44:40.845+0300][204.970s][debug][gc] GC(54) Concurrent active time: 0.107ms
[2019-08-26T02:44:40.845+0300][204.970s][info ][gc] GC(54) Concurrent Sweep 106.855ms
[2019-08-26T02:44:40.845+0300][204.970s][info ][gc] GC(54) Concurrent Reset
[2019-08-26T02:44:40.845+0300][204.970s][debug][gc] GC(54) Concurrent active time: 0.000ms
[2019-08-26T02:44:40.845+0300][204.970s][info ][gc] GC(54) Concurrent Reset 0.293ms
[2019-08-26T02:44:43.025+0300][207.150s][info ][gc] GC(55) Pause Initial Mark 455M->455M(494M) 176.743ms
[2019-08-26T02:44:43.025+0300][207.150s][info ][gc] GC(55) Concurrent Mark
[2019-08-26T02:44:43.372+0300][207.497s][debug][gc] GC(55) Concurrent active time: 0.347ms
[2019-08-26T02:44:43.372+0300][207.497s][info ][gc] GC(55) Concurrent Mark 346.594ms
[2019-08-26T02:44:43.372+0300][207.497s][info ][gc] GC(55) Concurrent Preclean
[2019-08-26T02:44:43.372+0300][207.497s][debug][gc] GC(55) Concurrent active time: 0.000ms
[2019-08-26T02:44:43.372+0300][207.497s][info ][gc] GC(55) Concurrent Preclean 0.318ms
[2019-08-26T02:44:43.372+0300][207.497s][info ][gc] GC(55) Concurrent Abortable Preclean
[2019-08-26T02:44:43.372+0300][207.497s][debug][gc] GC(55) Concurrent active time: 0.000ms
[2019-08-26T02:44:43.372+0300][207.497s][info ][gc] GC(55) Concurrent Abortable Preclean 0.017ms
[2019-08-26T02:44:43.372+0300][207.497s][debug][gc] GC(55) YG occupancy: 140098 K (157248 K)
[2019-08-26T02:44:43.465+0300][207.590s][info ][gc] GC(55) Pause Remark 455M->455M(494M) 92.701ms
[2019-08-26T02:44:43.465+0300][207.590s][info ][gc] GC(55) Concurrent Sweep
[2019-08-26T02:44:43.572+0300][207.697s][debug][gc] GC(55) Concurrent active time: 0.107ms
[2019-08-26T02:44:43.572+0300][207.697s][info ][gc] GC(55) Concurrent Sweep 106.676ms
[2019-08-26T02:44:43.572+0300][207.697s][info ][gc] GC(55) Concurrent Reset
[2019-08-26T02:44:43.572+0300][207.697s][debug][gc] GC(55) Concurrent active time: 0.000ms
[2019-08-26T02:44:43.572+0300][207.697s][info ][gc] GC(55) Concurrent Reset 0.487ms
[2019-08-26T02:44:45.755+0300][209.880s][info ][gc] GC(56) Pause Initial Mark 458M->458M(494M) 177.017ms
[2019-08-26T02:44:45.755+0300][209.880s][info ][gc] GC(56) Concurrent Mark
[2019-08-26T02:44:46.103+0300][210.228s][debug][gc] GC(56) Concurrent active time: 0.348ms
[2019-08-26T02:44:46.103+0300][210.228s][info ][gc] GC(56) Concurrent Mark 347.983ms
[2019-08-26T02:44:46.103+0300][210.228s][info ][gc] GC(56) Concurrent Preclean
[2019-08-26T02:44:46.103+0300][210.228s][debug][gc] GC(56) Concurrent active time: 0.000ms
[2019-08-26T02:44:46.103+0300][210.228s][info ][gc] GC(56) Concurrent Preclean 0.315ms
[2019-08-26T02:44:46.103+0300][210.228s][info ][gc] GC(56) Concurrent Abortable Preclean
[2019-08-26T02:44:46.103+0300][210.228s][debug][gc] GC(56) Concurrent active time: 0.000ms
[2019-08-26T02:44:46.103+0300][210.228s][info ][gc] GC(56) Concurrent Abortable Preclean 0.017ms
[2019-08-26T02:44:46.103+0300][210.228s][debug][gc] GC(56) YG occupancy: 142910 K (157248 K)
[2019-08-26T02:44:46.196+0300][210.321s][info ][gc] GC(56) Pause Remark 458M->458M(494M) 92.761ms
[2019-08-26T02:44:46.196+0300][210.321s][info ][gc] GC(56) Concurrent Sweep
[2019-08-26T02:44:46.302+0300][210.427s][debug][gc] GC(56) Concurrent active time: 0.106ms
[2019-08-26T02:44:46.302+0300][210.427s][info ][gc] GC(56) Concurrent Sweep 105.942ms
[2019-08-26T02:44:46.302+0300][210.427s][info ][gc] GC(56) Concurrent Reset
[2019-08-26T02:44:46.302+0300][210.427s][debug][gc] GC(56) Concurrent active time: 0.000ms
[2019-08-26T02:44:46.302+0300][210.427s][info ][gc] GC(56) Concurrent Reset 0.271ms
[2019-08-26T02:44:48.482+0300][212.607s][info ][gc] GC(57) Pause Initial Mark 460M->460M(494M) 176.495ms
[2019-08-26T02:44:48.482+0300][212.607s][info ][gc] GC(57) Concurrent Mark
[2019-08-26T02:44:48.829+0300][212.955s][debug][gc] GC(57) Concurrent active time: 0.347ms
[2019-08-26T02:44:48.829+0300][212.955s][info ][gc] GC(57) Concurrent Mark 347.311ms
[2019-08-26T02:44:48.829+0300][212.955s][info ][gc] GC(57) Concurrent Preclean
[2019-08-26T02:44:48.830+0300][212.955s][debug][gc] GC(57) Concurrent active time: 0.000ms
[2019-08-26T02:44:48.830+0300][212.955s][info ][gc] GC(57) Concurrent Preclean 0.345ms
[2019-08-26T02:44:48.830+0300][212.955s][info ][gc] GC(57) Concurrent Abortable Preclean
[2019-08-26T02:44:48.830+0300][212.955s][debug][gc] GC(57) Concurrent active time: 0.000ms
[2019-08-26T02:44:48.830+0300][212.955s][info ][gc] GC(57) Concurrent Abortable Preclean 0.023ms
[2019-08-26T02:44:48.835+0300][212.960s][debug][gc] GC(57) YG occupancy: 145723 K (157248 K)
[2019-08-26T02:44:48.927+0300][213.052s][info ][gc] GC(57) Pause Remark 460M->460M(494M) 92.648ms
[2019-08-26T02:44:48.927+0300][213.052s][info ][gc] GC(57) Concurrent Sweep
[2019-08-26T02:44:49.034+0300][213.159s][debug][gc] GC(57) Concurrent active time: 0.106ms
[2019-08-26T02:44:49.034+0300][213.159s][info ][gc] GC(57) Concurrent Sweep 106.493ms
[2019-08-26T02:44:49.034+0300][213.159s][info ][gc] GC(57) Concurrent Reset
[2019-08-26T02:44:49.034+0300][213.159s][debug][gc] GC(57) Concurrent active time: 0.000ms
[2019-08-26T02:44:49.034+0300][213.159s][info ][gc] GC(57) Concurrent Reset 0.218ms
[2019-08-26T02:44:51.217+0300][215.342s][info ][gc] GC(58) Pause Initial Mark 463M->463M(494M) 177.475ms
[2019-08-26T02:44:51.217+0300][215.342s][info ][gc] GC(58) Concurrent Mark
[2019-08-26T02:44:51.566+0300][215.691s][debug][gc] GC(58) Concurrent active time: 0.348ms
[2019-08-26T02:44:51.566+0300][215.691s][info ][gc] GC(58) Concurrent Mark 348.543ms
[2019-08-26T02:44:51.566+0300][215.691s][info ][gc] GC(58) Concurrent Preclean
[2019-08-26T02:44:51.566+0300][215.691s][debug][gc] GC(58) Concurrent active time: 0.000ms
[2019-08-26T02:44:51.566+0300][215.691s][info ][gc] GC(58) Concurrent Preclean 0.342ms
[2019-08-26T02:44:51.566+0300][215.691s][info ][gc] GC(58) Concurrent Abortable Preclean
[2019-08-26T02:44:51.566+0300][215.691s][debug][gc] GC(58) Concurrent active time: 0.000ms
[2019-08-26T02:44:51.566+0300][215.691s][info ][gc] GC(58) Concurrent Abortable Preclean 0.023ms
[2019-08-26T02:44:51.572+0300][215.697s][debug][gc] GC(58) YG occupancy: 148535 K (157248 K)
[2019-08-26T02:44:51.664+0300][215.790s][info ][gc] GC(58) Pause Remark 463M->463M(494M) 92.788ms
[2019-08-26T02:44:51.664+0300][215.790s][info ][gc] GC(58) Concurrent Sweep
[2019-08-26T02:44:51.773+0300][215.898s][debug][gc] GC(58) Concurrent active time: 0.109ms
[2019-08-26T02:44:51.773+0300][215.898s][info ][gc] GC(58) Concurrent Sweep 108.731ms
[2019-08-26T02:44:51.773+0300][215.898s][info ][gc] GC(58) Concurrent Reset
[2019-08-26T02:44:51.773+0300][215.899s][debug][gc] GC(58) Concurrent active time: 0.000ms
[2019-08-26T02:44:51.773+0300][215.899s][info ][gc] GC(58) Concurrent Reset 0.281ms
[2019-08-26T02:44:53.949+0300][218.075s][info ][gc] GC(59) Pause Initial Mark 465M->465M(494M) 176.517ms
[2019-08-26T02:44:53.949+0300][218.075s][info ][gc] GC(59) Concurrent Mark
[2019-08-26T02:44:54.298+0300][218.423s][debug][gc] GC(59) Concurrent active time: 0.348ms
[2019-08-26T02:44:54.298+0300][218.423s][info ][gc] GC(59) Concurrent Mark 348.364ms
[2019-08-26T02:44:54.298+0300][218.423s][info ][gc] GC(59) Concurrent Preclean
[2019-08-26T02:44:54.298+0300][218.423s][debug][gc] GC(59) Concurrent active time: 0.000ms
[2019-08-26T02:44:54.298+0300][218.423s][info ][gc] GC(59) Concurrent Preclean 0.338ms
[2019-08-26T02:44:54.298+0300][218.423s][info ][gc] GC(59) Concurrent Abortable Preclean
[2019-08-26T02:44:54.298+0300][218.423s][debug][gc] GC(59) Concurrent active time: 0.000ms
[2019-08-26T02:44:54.298+0300][218.423s][info ][gc] GC(59) Concurrent Abortable Preclean 0.022ms
[2019-08-26T02:44:54.302+0300][218.427s][debug][gc] GC(59) YG occupancy: 151348 K (157248 K)
[2019-08-26T02:44:54.396+0300][218.521s][info ][gc] GC(59) Pause Remark 466M->466M(494M) 94.364ms
[2019-08-26T02:44:54.396+0300][218.521s][info ][gc] GC(59) Concurrent Sweep
[2019-08-26T02:44:54.504+0300][218.630s][debug][gc] GC(59) Concurrent active time: 0.108ms
[2019-08-26T02:44:54.504+0300][218.630s][info ][gc] GC(59) Concurrent Sweep 108.351ms
[2019-08-26T02:44:54.504+0300][218.630s][info ][gc] GC(59) Concurrent Reset
[2019-08-26T02:44:54.505+0300][218.630s][debug][gc] GC(59) Concurrent active time: 0.000ms
[2019-08-26T02:44:54.505+0300][218.630s][info ][gc] GC(59) Concurrent Reset 0.300ms
[2019-08-26T02:44:56.689+0300][220.813s][info ][gc] GC(60) Pause Initial Mark 468M->468M(494M) 176.980ms
[2019-08-26T02:44:56.689+0300][220.813s][info ][gc] GC(60) Concurrent Mark
[2019-08-26T02:44:57.034+0300][221.159s][debug][gc] GC(60) Concurrent active time: 0.345ms
[2019-08-26T02:44:57.034+0300][221.159s][info ][gc] GC(60) Concurrent Mark 345.586ms
[2019-08-26T02:44:57.034+0300][221.159s][info ][gc] GC(60) Concurrent Preclean
[2019-08-26T02:44:57.035+0300][221.159s][debug][gc] GC(60) Concurrent active time: 0.000ms
[2019-08-26T02:44:57.035+0300][221.159s][info ][gc] GC(60) Concurrent Preclean 0.360ms
[2019-08-26T02:44:57.035+0300][221.159s][info ][gc] GC(60) Concurrent Abortable Preclean
[2019-08-26T02:44:57.035+0300][221.159s][debug][gc] GC(60) Concurrent active time: 0.000ms
[2019-08-26T02:44:57.035+0300][221.159s][info ][gc] GC(60) Concurrent Abortable Preclean 0.022ms
[2019-08-26T02:44:57.040+0300][221.164s][debug][gc] GC(60) YG occupancy: 154160 K (157248 K)
[2019-08-26T02:44:57.133+0300][221.258s][info ][gc] GC(60) Pause Remark 469M->469M(494M) 93.437ms
[2019-08-26T02:44:57.133+0300][221.258s][info ][gc] GC(60) Concurrent Sweep
[2019-08-26T02:44:57.241+0300][221.366s][debug][gc] GC(60) Concurrent active time: 0.108ms
[2019-08-26T02:44:57.242+0300][221.366s][info ][gc] GC(60) Concurrent Sweep 108.457ms
[2019-08-26T02:44:57.242+0300][221.366s][info ][gc] GC(60) Concurrent Reset
[2019-08-26T02:44:57.242+0300][221.366s][debug][gc] GC(60) Concurrent active time: 0.000ms
[2019-08-26T02:44:57.242+0300][221.366s][info ][gc] GC(60) Concurrent Reset 0.327ms
[2019-08-26T02:44:59.419+0300][223.544s][info ][gc] GC(61) Pause Initial Mark 471M->471M(494M) 175.754ms
[2019-08-26T02:44:59.419+0300][223.544s][info ][gc] GC(61) Concurrent Mark
[2019-08-26T02:44:59.766+0300][223.890s][debug][gc] GC(61) Concurrent active time: 0.346ms
[2019-08-26T02:44:59.766+0300][223.890s][info ][gc] GC(61) Concurrent Mark 346.256ms
[2019-08-26T02:44:59.766+0300][223.890s][info ][gc] GC(61) Concurrent Preclean
[2019-08-26T02:44:59.766+0300][223.891s][debug][gc] GC(61) Concurrent active time: 0.000ms
[2019-08-26T02:44:59.766+0300][223.891s][info ][gc] GC(61) Concurrent Preclean 0.339ms
[2019-08-26T02:44:59.766+0300][223.891s][info ][gc] GC(61) Concurrent Abortable Preclean
[2019-08-26T02:44:59.766+0300][223.891s][debug][gc] GC(61) Concurrent active time: 0.000ms
[2019-08-26T02:44:59.766+0300][223.891s][info ][gc] GC(61) Concurrent Abortable Preclean 0.024ms
[2019-08-26T02:44:59.772+0300][223.896s][debug][gc] GC(61) YG occupancy: 156973 K (157248 K)
[2019-08-26T02:44:59.865+0300][223.989s][info ][gc] GC(61) Pause Remark 471M->471M(494M) 93.192ms
[2019-08-26T02:44:59.865+0300][223.989s][info ][gc] GC(61) Concurrent Sweep
[2019-08-26T02:44:59.973+0300][224.098s][debug][gc] GC(61) Concurrent active time: 0.108ms
[2019-08-26T02:44:59.973+0300][224.098s][info ][gc] GC(61) Concurrent Sweep 108.143ms
[2019-08-26T02:44:59.973+0300][224.098s][info ][gc] GC(61) Concurrent Reset
[2019-08-26T02:44:59.973+0300][224.098s][debug][gc] GC(61) Concurrent active time: 0.000ms
[2019-08-26T02:44:59.973+0300][224.098s][info ][gc] GC(61) Concurrent Reset 0.291ms
[2019-08-26T02:45:01.259+0300][225.384s][info ][gc] GC(63) Pause Full (Allocation Failure) 472M->471M(494M) 748.555ms
[2019-08-26T02:45:01.259+0300][225.384s][info ][gc] GC(62) Pause Young (Allocation Failure) 472M->471M(494M) 748.625ms
[2019-08-26T02:45:01.443+0300][225.568s][info ][gc] GC(64) Pause Initial Mark 471M->471M(494M) 184.173ms
[2019-08-26T02:45:01.443+0300][225.568s][info ][gc] GC(64) Concurrent Mark
[2019-08-26T02:45:01.792+0300][225.917s][debug][gc] GC(64) Concurrent active time: 0.349ms
[2019-08-26T02:45:01.792+0300][225.917s][info ][gc] GC(64) Concurrent Mark 348.667ms
[2019-08-26T02:45:01.792+0300][225.917s][info ][gc] GC(64) Concurrent Preclean
[2019-08-26T02:45:02.055+0300][226.179s][debug][gc] GC(64) Concurrent active time: 0.263ms
[2019-08-26T02:45:02.055+0300][226.179s][info ][gc] GC(64) Concurrent Preclean 262.651ms
[2019-08-26T02:45:02.055+0300][226.179s][info ][gc] GC(64) Concurrent Abortable Preclean
[2019-08-26T02:45:02.055+0300][226.179s][debug][gc] GC(64) Concurrent active time: 0.000ms
[2019-08-26T02:45:02.055+0300][226.179s][info ][gc] GC(64) Concurrent Abortable Preclean 0.015ms
[2019-08-26T02:45:02.055+0300][226.179s][debug][gc] GC(64) YG occupancy: 157081 K (157248 K)
[2019-08-26T02:45:02.155+0300][226.280s][info ][gc] GC(64) Pause Remark 471M->471M(494M) 100.749ms
[2019-08-26T02:45:02.155+0300][226.280s][info ][gc] GC(64) Concurrent Sweep
[2019-08-26T02:45:02.273+0300][226.398s][debug][gc] GC(64) Concurrent active time: 0.113ms
[2019-08-26T02:45:02.273+0300][226.398s][info ][gc] GC(64) Concurrent Sweep 117.332ms
[2019-08-26T02:45:02.273+0300][226.398s][info ][gc] GC(64) Concurrent Reset
[2019-08-26T02:45:02.276+0300][226.401s][debug][gc] GC(64) Concurrent active time: 0.000ms
[2019-08-26T02:45:02.276+0300][226.401s][info ][gc] GC(64) Concurrent Reset 2.958ms
[2019-08-26T02:45:03.011+0300][227.136s][info ][gc] GC(66) Pause Full (Allocation Failure) 472M->472M(494M) 735.843ms
[2019-08-26T02:45:03.011+0300][227.136s][info ][gc] GC(65) Pause Young (Allocation Failure) 472M->472M(494M) 735.912ms
[2019-08-26T02:45:04.465+0300][228.590s][info ][gc] GC(67) Pause Initial Mark 474M->474M(494M) 184.448ms
[2019-08-26T02:45:04.465+0300][228.590s][info ][gc] GC(67) Concurrent Mark
[2019-08-26T02:45:04.816+0300][228.940s][debug][gc] GC(67) Concurrent active time: 0.351ms
[2019-08-26T02:45:04.816+0300][228.941s][info ][gc] GC(67) Concurrent Mark 350.590ms
[2019-08-26T02:45:04.816+0300][228.941s][info ][gc] GC(67) Concurrent Preclean
[2019-08-26T02:45:05.079+0300][229.204s][debug][gc] GC(67) Concurrent active time: 0.263ms
[2019-08-26T02:45:05.079+0300][229.204s][info ][gc] GC(67) Concurrent Preclean 263.095ms
[2019-08-26T02:45:05.079+0300][229.204s][info ][gc] GC(67) Concurrent Abortable Preclean
[2019-08-26T02:45:05.079+0300][229.204s][debug][gc] GC(67) Concurrent active time: 0.000ms
[2019-08-26T02:45:05.079+0300][229.204s][info ][gc] GC(67) Concurrent Abortable Preclean 0.016ms
[2019-08-26T02:45:05.079+0300][229.204s][debug][gc] GC(67) YG occupancy: 157248 K (157248 K)
[2019-08-26T02:45:05.180+0300][229.305s][info ][gc] GC(67) Pause Remark 474M->474M(494M) 101.325ms
[2019-08-26T02:45:05.180+0300][229.305s][info ][gc] GC(67) Concurrent Sweep
[2019-08-26T02:45:05.298+0300][229.423s][debug][gc] GC(67) Concurrent active time: 0.112ms
[2019-08-26T02:45:05.298+0300][229.423s][info ][gc] GC(67) Concurrent Sweep 118.033ms
[2019-08-26T02:45:05.298+0300][229.423s][info ][gc] GC(67) Concurrent Reset
[2019-08-26T02:45:05.303+0300][229.428s][debug][gc] GC(67) Concurrent active time: 0.000ms
[2019-08-26T02:45:05.303+0300][229.428s][info ][gc] GC(67) Concurrent Reset 4.495ms
[2019-08-26T02:45:06.042+0300][230.167s][info ][gc] GC(69) Pause Full (Allocation Failure) 474M->474M(494M) 739.489ms
[2019-08-26T02:45:06.042+0300][230.167s][info ][gc] GC(68) Pause Young (Allocation Failure) 474M->474M(494M) 739.556ms
[2019-08-26T02:45:07.488+0300][231.613s][info ][gc] GC(70) Pause Initial Mark 476M->476M(494M) 184.373ms
[2019-08-26T02:45:07.488+0300][231.613s][info ][gc] GC(70) Concurrent Mark
[2019-08-26T02:45:07.840+0300][231.965s][debug][gc] GC(70) Concurrent active time: 0.352ms
[2019-08-26T02:45:07.840+0300][231.965s][info ][gc] GC(70) Concurrent Mark 352.365ms
[2019-08-26T02:45:07.840+0300][231.965s][info ][gc] GC(70) Concurrent Preclean
[2019-08-26T02:45:08.104+0300][232.229s][debug][gc] GC(70) Concurrent active time: 0.264ms
[2019-08-26T02:45:08.104+0300][232.229s][info ][gc] GC(70) Concurrent Preclean 263.688ms
[2019-08-26T02:45:08.104+0300][232.229s][info ][gc] GC(70) Concurrent Abortable Preclean
[2019-08-26T02:45:08.104+0300][232.229s][debug][gc] GC(70) Concurrent active time: 0.000ms
[2019-08-26T02:45:08.104+0300][232.229s][info ][gc] GC(70) Concurrent Abortable Preclean 0.018ms
[2019-08-26T02:45:08.104+0300][232.229s][debug][gc] GC(70) YG occupancy: 157248 K (157248 K)
[2019-08-26T02:45:08.205+0300][232.330s][info ][gc] GC(70) Pause Remark 476M->476M(494M) 101.045ms
[2019-08-26T02:45:08.205+0300][232.330s][info ][gc] GC(70) Concurrent Sweep
[2019-08-26T02:45:08.326+0300][232.451s][debug][gc] GC(70) Concurrent active time: 0.115ms
[2019-08-26T02:45:08.326+0300][232.451s][info ][gc] GC(70) Concurrent Sweep 120.607ms
[2019-08-26T02:45:08.326+0300][232.451s][info ][gc] GC(70) Concurrent Reset
[2019-08-26T02:45:08.332+0300][232.457s][debug][gc] GC(70) Concurrent active time: 0.000ms
[2019-08-26T02:45:08.332+0300][232.457s][info ][gc] GC(70) Concurrent Reset 5.794ms
[2019-08-26T02:45:09.072+0300][233.197s][info ][gc] GC(72) Pause Full (Allocation Failure) 476M->476M(494M) 740.766ms
[2019-08-26T02:45:09.072+0300][233.197s][info ][gc] GC(71) Pause Young (Allocation Failure) 476M->476M(494M) 740.833ms
[2019-08-26T02:45:10.521+0300][234.646s][info ][gc] GC(73) Pause Initial Mark 478M->478M(494M) 187.701ms
[2019-08-26T02:45:10.521+0300][234.646s][info ][gc] GC(73) Concurrent Mark
[2019-08-26T02:45:10.877+0300][235.002s][debug][gc] GC(73) Concurrent active time: 0.356ms
[2019-08-26T02:45:10.877+0300][235.002s][info ][gc] GC(73) Concurrent Mark 355.634ms
[2019-08-26T02:45:10.877+0300][235.002s][info ][gc] GC(73) Concurrent Preclean
[2019-08-26T02:45:11.142+0300][235.267s][debug][gc] GC(73) Concurrent active time: 0.265ms
[2019-08-26T02:45:11.142+0300][235.267s][info ][gc] GC(73) Concurrent Preclean 265.232ms
[2019-08-26T02:45:11.142+0300][235.267s][info ][gc] GC(73) Concurrent Abortable Preclean
[2019-08-26T02:45:11.142+0300][235.267s][debug][gc] GC(73) Concurrent active time: 0.000ms
[2019-08-26T02:45:11.142+0300][235.267s][info ][gc] GC(73) Concurrent Abortable Preclean 0.014ms
[2019-08-26T02:45:11.142+0300][235.267s][debug][gc] GC(73) YG occupancy: 157248 K (157248 K)
[2019-08-26T02:45:11.243+0300][235.368s][info ][gc] GC(73) Pause Remark 478M->478M(494M) 100.700ms
[2019-08-26T02:45:11.243+0300][235.368s][info ][gc] GC(73) Concurrent Sweep
[2019-08-26T02:45:11.363+0300][235.488s][debug][gc] GC(73) Concurrent active time: 0.114ms
[2019-08-26T02:45:11.363+0300][235.488s][info ][gc] GC(73) Concurrent Sweep 119.685ms
[2019-08-26T02:45:11.363+0300][235.488s][info ][gc] GC(73) Concurrent Reset
[2019-08-26T02:45:11.367+0300][235.492s][debug][gc] GC(73) Concurrent active time: 0.000ms
[2019-08-26T02:45:11.367+0300][235.492s][info ][gc] GC(73) Concurrent Reset 4.047ms
[2019-08-26T02:45:12.117+0300][236.242s][info ][gc] GC(75) Pause Full (Allocation Failure) 478M->478M(494M) 750.484ms
[2019-08-26T02:45:12.117+0300][236.242s][info ][gc] GC(74) Pause Young (Allocation Failure) 478M->478M(494M) 750.551ms
[2019-08-26T02:45:13.559+0300][237.684s][info ][gc] GC(76) Pause Initial Mark 480M->480M(494M) 186.908ms
[2019-08-26T02:45:13.560+0300][237.684s][info ][gc] GC(76) Concurrent Mark
[2019-08-26T02:45:13.917+0300][238.041s][debug][gc] GC(76) Concurrent active time: 0.357ms
[2019-08-26T02:45:13.917+0300][238.041s][info ][gc] GC(76) Concurrent Mark 357.184ms
[2019-08-26T02:45:13.917+0300][238.041s][info ][gc] GC(76) Concurrent Preclean
[2019-08-26T02:45:14.185+0300][238.309s][debug][gc] GC(76) Concurrent active time: 0.268ms
[2019-08-26T02:45:14.185+0300][238.309s][info ][gc] GC(76) Concurrent Preclean 268.146ms
[2019-08-26T02:45:14.185+0300][238.309s][info ][gc] GC(76) Concurrent Abortable Preclean
[2019-08-26T02:45:14.185+0300][238.309s][debug][gc] GC(76) Concurrent active time: 0.000ms
[2019-08-26T02:45:14.185+0300][238.309s][info ][gc] GC(76) Concurrent Abortable Preclean 0.014ms
[2019-08-26T02:45:14.185+0300][238.309s][debug][gc] GC(76) YG occupancy: 157248 K (157248 K)
[2019-08-26T02:45:14.288+0300][238.412s][info ][gc] GC(76) Pause Remark 480M->480M(494M) 102.881ms
[2019-08-26T02:45:14.288+0300][238.412s][info ][gc] GC(76) Concurrent Sweep
[2019-08-26T02:45:14.409+0300][238.533s][debug][gc] GC(76) Concurrent active time: 0.115ms
[2019-08-26T02:45:14.409+0300][238.533s][info ][gc] GC(76) Concurrent Sweep 121.057ms
[2019-08-26T02:45:14.409+0300][238.533s][info ][gc] GC(76) Concurrent Reset
[2019-08-26T02:45:14.412+0300][238.536s][debug][gc] GC(76) Concurrent active time: 0.000ms
[2019-08-26T02:45:14.412+0300][238.536s][info ][gc] GC(76) Concurrent Reset 2.841ms
[2019-08-26T02:45:15.165+0300][239.290s][info ][gc] GC(78) Pause Full (Allocation Failure) 480M->480M(494M) 753.776ms
[2019-08-26T02:45:15.165+0300][239.290s][info ][gc] GC(77) Pause Young (Allocation Failure) 480M->480M(494M) 753.845ms
[2019-08-26T02:45:16.599+0300][240.723s][info ][gc] GC(79) Pause Initial Mark 481M->481M(494M) 187.394ms
[2019-08-26T02:45:16.599+0300][240.723s][info ][gc] GC(79) Concurrent Mark
[2019-08-26T02:45:16.964+0300][241.088s][debug][gc] GC(79) Concurrent active time: 0.363ms
[2019-08-26T02:45:16.964+0300][241.088s][info ][gc] GC(79) Concurrent Mark 364.672ms
[2019-08-26T02:45:16.964+0300][241.088s][info ][gc] GC(79) Concurrent Preclean
[2019-08-26T02:45:17.234+0300][241.359s][debug][gc] GC(79) Concurrent active time: 0.270ms
[2019-08-26T02:45:17.234+0300][241.359s][info ][gc] GC(79) Concurrent Preclean 270.360ms
[2019-08-26T02:45:17.234+0300][241.359s][info ][gc] GC(79) Concurrent Abortable Preclean
[2019-08-26T02:45:17.234+0300][241.359s][debug][gc] GC(79) Concurrent active time: 0.000ms
[2019-08-26T02:45:17.234+0300][241.359s][info ][gc] GC(79) Concurrent Abortable Preclean 0.016ms
[2019-08-26T02:45:17.234+0300][241.359s][debug][gc] GC(79) YG occupancy: 157248 K (157248 K)
[2019-08-26T02:45:17.335+0300][241.460s][info ][gc] GC(79) Pause Remark 482M->482M(494M) 101.183ms
[2019-08-26T02:45:17.335+0300][241.460s][info ][gc] GC(79) Concurrent Sweep
[2019-08-26T02:45:17.458+0300][241.583s][debug][gc] GC(79) Concurrent active time: 0.117ms
[2019-08-26T02:45:17.458+0300][241.583s][info ][gc] GC(79) Concurrent Sweep 122.796ms
[2019-08-26T02:45:17.458+0300][241.583s][info ][gc] GC(79) Concurrent Reset
[2019-08-26T02:45:17.461+0300][241.585s][debug][gc] GC(79) Concurrent active time: 0.000ms
[2019-08-26T02:45:17.461+0300][241.585s][info ][gc] GC(79) Concurrent Reset 2.575ms
[2019-08-26T02:45:18.216+0300][242.341s][info ][gc] GC(81) Pause Full (Allocation Failure) 482M->482M(494M) 755.887ms
[2019-08-26T02:45:18.217+0300][242.341s][info ][gc] GC(80) Pause Young (Allocation Failure) 482M->482M(494M) 755.983ms
[2019-08-26T02:45:19.650+0300][243.775s][info ][gc] GC(82) Pause Initial Mark 483M->483M(494M) 189.393ms
[2019-08-26T02:45:19.650+0300][243.775s][info ][gc] GC(82) Concurrent Mark
[2019-08-26T02:45:20.020+0300][244.144s][debug][gc] GC(82) Concurrent active time: 0.366ms
[2019-08-26T02:45:20.020+0300][244.144s][info ][gc] GC(82) Concurrent Mark 369.712ms
[2019-08-26T02:45:20.020+0300][244.144s][info ][gc] GC(82) Concurrent Preclean
[2019-08-26T02:45:20.289+0300][244.414s][debug][gc] GC(82) Concurrent active time: 0.269ms
[2019-08-26T02:45:20.289+0300][244.414s][info ][gc] GC(82) Concurrent Preclean 269.483ms
[2019-08-26T02:45:20.289+0300][244.414s][info ][gc] GC(82) Concurrent Abortable Preclean
[2019-08-26T02:45:20.289+0300][244.414s][debug][gc] GC(82) Concurrent active time: 0.000ms
[2019-08-26T02:45:20.289+0300][244.414s][info ][gc] GC(82) Concurrent Abortable Preclean 0.014ms
[2019-08-26T02:45:20.289+0300][244.414s][debug][gc] GC(82) YG occupancy: 157248 K (157248 K)
[2019-08-26T02:45:20.391+0300][244.515s][info ][gc] GC(82) Pause Remark 484M->484M(494M) 101.309ms
[2019-08-26T02:45:20.391+0300][244.515s][info ][gc] GC(82) Concurrent Sweep
[2019-08-26T02:45:20.515+0300][244.639s][debug][gc] GC(82) Concurrent active time: 0.118ms
[2019-08-26T02:45:20.515+0300][244.639s][info ][gc] GC(82) Concurrent Sweep 124.208ms
[2019-08-26T02:45:20.515+0300][244.639s][info ][gc] GC(82) Concurrent Reset
[2019-08-26T02:45:20.517+0300][244.641s][debug][gc] GC(82) Concurrent active time: 0.000ms
[2019-08-26T02:45:20.517+0300][244.641s][info ][gc] GC(82) Concurrent Reset 1.920ms
[2019-08-26T02:45:21.278+0300][245.402s][info ][gc] GC(84) Pause Full (Allocation Failure) 484M->484M(494M) 761.180ms
[2019-08-26T02:45:21.278+0300][245.402s][info ][gc] GC(83) Pause Young (Allocation Failure) 484M->484M(494M) 761.248ms
[2019-08-26T02:45:22.706+0300][246.831s][info ][gc] GC(85) Pause Initial Mark 485M->485M(494M) 189.650ms
[2019-08-26T02:45:22.706+0300][246.831s][info ][gc] GC(85) Concurrent Mark
[2019-08-26T02:45:23.079+0300][247.203s][debug][gc] GC(85) Concurrent active time: 0.369ms
[2019-08-26T02:45:23.079+0300][247.203s][info ][gc] GC(85) Concurrent Mark 372.249ms
[2019-08-26T02:45:23.079+0300][247.203s][info ][gc] GC(85) Concurrent Preclean
[2019-08-26T02:45:23.352+0300][247.477s][debug][gc] GC(85) Concurrent active time: 0.274ms
[2019-08-26T02:45:23.352+0300][247.477s][info ][gc] GC(85) Concurrent Preclean 273.550ms
[2019-08-26T02:45:23.352+0300][247.477s][info ][gc] GC(85) Concurrent Abortable Preclean
[2019-08-26T02:45:23.352+0300][247.477s][debug][gc] GC(85) Concurrent active time: 0.000ms
[2019-08-26T02:45:23.352+0300][247.477s][info ][gc] GC(85) Concurrent Abortable Preclean 0.014ms
[2019-08-26T02:45:23.352+0300][247.477s][debug][gc] GC(85) YG occupancy: 157247 K (157248 K)
[2019-08-26T02:45:23.454+0300][247.578s][info ][gc] GC(85) Pause Remark 486M->486M(494M) 101.354ms
[2019-08-26T02:45:23.454+0300][247.578s][info ][gc] GC(85) Concurrent Sweep
[2019-08-26T02:45:23.577+0300][247.702s][debug][gc] GC(85) Concurrent active time: 0.117ms
[2019-08-26T02:45:23.577+0300][247.702s][info ][gc] GC(85) Concurrent Sweep 123.351ms
[2019-08-26T02:45:23.577+0300][247.702s][info ][gc] GC(85) Concurrent Reset
[2019-08-26T02:45:23.580+0300][247.704s][debug][gc] GC(85) Concurrent active time: 0.000ms
[2019-08-26T02:45:23.580+0300][247.705s][info ][gc] GC(85) Concurrent Reset 2.817ms
[2019-08-26T02:45:24.344+0300][248.469s][info ][gc] GC(87) Pause Full (Allocation Failure) 487M->486M(494M) 764.774ms
[2019-08-26T02:45:24.344+0300][248.469s][info ][gc] GC(86) Pause Young (Allocation Failure) 487M->486M(494M) 764.843ms
[2019-08-26T02:45:25.769+0300][249.894s][info ][gc] GC(88) Pause Initial Mark 487M->487M(494M) 189.833ms
[2019-08-26T02:45:25.769+0300][249.894s][info ][gc] GC(88) Concurrent Mark
[2019-08-26T02:45:26.142+0300][250.267s][debug][gc] GC(88) Concurrent active time: 0.369ms
[2019-08-26T02:45:26.142+0300][250.267s][info ][gc] GC(88) Concurrent Mark 372.717ms
[2019-08-26T02:45:26.142+0300][250.267s][info ][gc] GC(88) Concurrent Preclean
[2019-08-26T02:45:26.416+0300][250.541s][debug][gc] GC(88) Concurrent active time: 0.273ms
[2019-08-26T02:45:26.416+0300][250.541s][info ][gc] GC(88) Concurrent Preclean 273.533ms
[2019-08-26T02:45:26.416+0300][250.541s][info ][gc] GC(88) Concurrent Abortable Preclean
[2019-08-26T02:45:26.416+0300][250.541s][debug][gc] GC(88) Concurrent active time: 0.000ms
[2019-08-26T02:45:26.416+0300][250.541s][info ][gc] GC(88) Concurrent Abortable Preclean 0.015ms
[2019-08-26T02:45:26.416+0300][250.541s][debug][gc] GC(88) YG occupancy: 157247 K (157248 K)
[2019-08-26T02:45:26.518+0300][250.642s][info ][gc] GC(88) Pause Remark 488M->488M(494M) 101.693ms
[2019-08-26T02:45:26.518+0300][250.642s][info ][gc] GC(88) Concurrent Sweep
[2019-08-26T02:45:26.641+0300][250.766s][debug][gc] GC(88) Concurrent active time: 0.118ms
[2019-08-26T02:45:26.641+0300][250.766s][info ][gc] GC(88) Concurrent Sweep 123.559ms
[2019-08-26T02:45:26.641+0300][250.766s][info ][gc] GC(88) Concurrent Reset
[2019-08-26T02:45:26.644+0300][250.769s][debug][gc] GC(88) Concurrent active time: 0.000ms
[2019-08-26T02:45:26.644+0300][250.769s][info ][gc] GC(88) Concurrent Reset 2.602ms
[2019-08-26T02:45:27.418+0300][251.542s][info ][gc] GC(90) Pause Full (Allocation Failure) 489M->489M(494M) 773.967ms
[2019-08-26T02:45:27.418+0300][251.542s][info ][gc] GC(89) Pause Young (Allocation Failure) 489M->489M(494M) 774.073ms
[2019-08-26T02:45:28.834+0300][252.959s][info ][gc] GC(91) Pause Initial Mark 489M->489M(494M) 190.144ms
[2019-08-26T02:45:28.834+0300][252.959s][info ][gc] GC(91) Concurrent Mark
[2019-08-26T02:45:29.208+0300][253.333s][debug][gc] GC(91) Concurrent active time: 0.371ms
[2019-08-26T02:45:29.208+0300][253.333s][info ][gc] GC(91) Concurrent Mark 374.017ms
[2019-08-26T02:45:29.208+0300][253.333s][info ][gc] GC(91) Concurrent Preclean
[2019-08-26T02:45:29.483+0300][253.608s][debug][gc] GC(91) Concurrent active time: 0.275ms
[2019-08-26T02:45:29.483+0300][253.608s][info ][gc] GC(91) Concurrent Preclean 274.857ms
[2019-08-26T02:45:29.483+0300][253.608s][info ][gc] GC(91) Concurrent Abortable Preclean
[2019-08-26T02:45:29.483+0300][253.608s][debug][gc] GC(91) Concurrent active time: 0.000ms
[2019-08-26T02:45:29.483+0300][253.608s][info ][gc] GC(91) Concurrent Abortable Preclean 0.015ms
[2019-08-26T02:45:29.483+0300][253.608s][debug][gc] GC(91) YG occupancy: 157247 K (157248 K)
[2019-08-26T02:45:29.590+0300][253.714s][info ][gc] GC(91) Pause Remark 490M->490M(494M) 106.727ms
[2019-08-26T02:45:29.590+0300][253.715s][info ][gc] GC(91) Concurrent Sweep
[2019-08-26T02:45:29.715+0300][253.839s][debug][gc] GC(91) Concurrent active time: 0.119ms
[2019-08-26T02:45:29.715+0300][253.839s][info ][gc] GC(91) Concurrent Sweep 124.771ms
[2019-08-26T02:45:29.715+0300][253.839s][info ][gc] GC(91) Concurrent Reset
[2019-08-26T02:45:29.718+0300][253.842s][debug][gc] GC(91) Concurrent active time: 0.000ms
[2019-08-26T02:45:29.718+0300][253.842s][info ][gc] GC(91) Concurrent Reset 2.392ms
[2019-08-26T02:45:30.490+0300][254.614s][info ][gc] GC(93) Pause Full (Allocation Failure) 491M->491M(494M) 772.358ms
[2019-08-26T02:45:30.490+0300][254.614s][info ][gc] GC(92) Pause Young (Allocation Failure) 491M->491M(494M) 772.426ms
[2019-08-26T02:45:31.909+0300][256.033s][info ][gc] GC(94) Pause Initial Mark 491M->491M(494M) 191.292ms
[2019-08-26T02:45:31.909+0300][256.033s][info ][gc] GC(94) Concurrent Mark
[2019-08-26T02:45:32.287+0300][256.411s][debug][gc] GC(94) Concurrent active time: 0.375ms
[2019-08-26T02:45:32.287+0300][256.412s][info ][gc] GC(94) Concurrent Mark 378.465ms
[2019-08-26T02:45:32.287+0300][256.412s][info ][gc] GC(94) Concurrent Preclean
[2019-08-26T02:45:32.564+0300][256.688s][debug][gc] GC(94) Concurrent active time: 0.276ms
[2019-08-26T02:45:32.564+0300][256.688s][info ][gc] GC(94) Concurrent Preclean 276.314ms
[2019-08-26T02:45:32.564+0300][256.688s][info ][gc] GC(94) Concurrent Abortable Preclean
[2019-08-26T02:45:32.564+0300][256.688s][debug][gc] GC(94) Concurrent active time: 0.000ms
[2019-08-26T02:45:32.564+0300][256.688s][info ][gc] GC(94) Concurrent Abortable Preclean 0.015ms
[2019-08-26T02:45:32.564+0300][256.688s][debug][gc] GC(94) YG occupancy: 157247 K (157248 K)
[2019-08-26T02:45:32.667+0300][256.791s][info ][gc] GC(94) Pause Remark 492M->492M(494M) 102.818ms
[2019-08-26T02:45:32.667+0300][256.791s][info ][gc] GC(94) Concurrent Sweep
[2019-08-26T02:45:32.790+0300][256.914s][debug][gc] GC(94) Concurrent active time: 0.118ms
[2019-08-26T02:45:32.790+0300][256.914s][info ][gc] GC(94) Concurrent Sweep 123.633ms
[2019-08-26T02:45:32.790+0300][256.915s][info ][gc] GC(94) Concurrent Reset
[2019-08-26T02:45:32.795+0300][256.919s][debug][gc] GC(94) Concurrent active time: 0.000ms
[2019-08-26T02:45:32.795+0300][256.919s][info ][gc] GC(94) Concurrent Reset 4.433ms
[2019-08-26T02:45:33.572+0300][257.696s][info ][gc] GC(96) Pause Full (Allocation Failure) 493M->493M(494M) 777.731ms
[2019-08-26T02:45:33.572+0300][257.697s][info ][gc] GC(95) Pause Young (Allocation Failure) 493M->493M(494M) 777.802ms
[2019-08-26T02:45:34.986+0300][259.111s][info ][gc] GC(97) Pause Initial Mark 493M->493M(494M) 191.849ms
[2019-08-26T02:45:34.987+0300][259.111s][info ][gc] GC(97) Concurrent Mark
[2019-08-26T02:45:35.367+0300][259.492s][debug][gc] GC(97) Concurrent active time: 0.378ms
[2019-08-26T02:45:35.368+0300][259.492s][info ][gc] GC(97) Concurrent Mark 381.015ms
[2019-08-26T02:45:35.368+0300][259.492s][info ][gc] GC(97) Concurrent Preclean
[2019-08-26T02:45:35.645+0300][259.769s][debug][gc] GC(97) Concurrent active time: 0.277ms
[2019-08-26T02:45:35.645+0300][259.769s][info ][gc] GC(97) Concurrent Preclean 277.255ms
[2019-08-26T02:45:35.645+0300][259.769s][info ][gc] GC(97) Concurrent Abortable Preclean
[2019-08-26T02:45:35.645+0300][259.769s][debug][gc] GC(97) Concurrent active time: 0.000ms
[2019-08-26T02:45:35.645+0300][259.769s][info ][gc] GC(97) Concurrent Abortable Preclean 0.014ms
[2019-08-26T02:45:35.645+0300][259.769s][debug][gc] GC(97) YG occupancy: 157247 K (157248 K)
[2019-08-26T02:45:35.747+0300][259.871s][info ][gc] GC(97) Pause Remark 494M->494M(494M) 102.286ms
[2019-08-26T02:45:35.747+0300][259.872s][info ][gc] GC(97) Concurrent Sweep
[2019-08-26T02:45:35.866+0300][259.990s][debug][gc] GC(97) Concurrent active time: 0.115ms
[2019-08-26T02:45:35.866+0300][259.990s][info ][gc] GC(97) Concurrent Sweep 118.583ms
[2019-08-26T02:45:35.866+0300][259.990s][debug][gc] GC(98) Concurrent mode failure
[2019-08-26T02:45:36.646+0300][260.771s][info ][gc] GC(98) Pause Full (Allocation Failure) 494M->494M(494M) 890.790ms
[2019-08-26T02:45:37.307+0300][261.432s][info ][gc] GC(99) Pause Full (Allocation Failure) 494M->494M(494M) 660.333ms
[2019-08-26T02:45:37.499+0300][261.623s][info ][gc] GC(100) Pause Initial Mark 494M->494M(494M) 191.423ms
[2019-08-26T02:45:37.499+0300][261.624s][info ][gc] GC(100) Concurrent Mark
[2019-08-26T02:45:37.862+0300][261.987s][debug][gc] GC(100) Concurrent active time: 0.363ms
[2019-08-26T02:45:37.862+0300][261.987s][info ][gc] GC(100) Concurrent Mark 363.292ms
[2019-08-26T02:45:37.862+0300][261.987s][debug][gc] GC(101) Concurrent mode failure
[2019-08-26T02:45:38.530+0300][262.654s][info ][gc] GC(101) Pause Full (Allocation Failure) 494M->494M(494M) 1030.174ms
[2019-08-26T02:45:39.190+0300][263.314s][info ][gc] GC(102) Pause Full (Allocation Failure) 494M->494M(494M) 659.812ms
[2019-08-26T02:45:39.849+0300][263.973s][info ][gc] GC(103) Pause Full (Allocation Failure) 494M->494M(494M) 659.134ms
[2019-08-26T02:45:40.634+0300][264.758s][info ][gc] GC(104) Pause Full (Allocation Failure) 494M->494M(494M) 784.685ms
[2019-08-26T02:45:40.827+0300][264.952s][info ][gc] GC(105) Pause Initial Mark 494M->494M(494M) 193.414ms
[2019-08-26T02:45:40.827+0300][264.952s][info ][gc] GC(105) Concurrent Mark
[2019-08-26T02:45:41.190+0300][265.315s][debug][gc] GC(105) Concurrent active time: 0.363ms
[2019-08-26T02:45:41.190+0300][265.315s][info ][gc] GC(105) Concurrent Mark 363.125ms
[2019-08-26T02:45:41.190+0300][265.315s][debug][gc] GC(106) Concurrent mode failure
[2019-08-26T02:45:41.850+0300][265.974s][info ][gc] GC(106) Pause Full (Allocation Failure) 494M->494M(494M) 1022.117ms
[2019-08-26T02:45:42.507+0300][266.631s][info ][gc] GC(107) Pause Full (Allocation Failure) 494M->494M(494M) 656.899ms
[2019-08-26T02:45:42.700+0300][266.825s][info ][gc] GC(108) Pause Initial Mark 494M->494M(494M) 192.843ms
[2019-08-26T02:45:42.700+0300][266.825s][info ][gc] GC(108) Concurrent Mark
[2019-08-26T02:45:43.062+0300][267.187s][debug][gc] GC(108) Concurrent active time: 0.362ms
[2019-08-26T02:45:43.062+0300][267.187s][info ][gc] GC(108) Concurrent Mark 362.382ms
[2019-08-26T02:45:43.062+0300][267.187s][debug][gc] GC(109) Concurrent mode failure
[2019-08-26T02:45:43.817+0300][267.942s][info ][gc] GC(109) Pause Full (Allocation Failure) 494M->494M(494M) 1117.172ms
[2019-08-26T02:45:44.474+0300][268.599s][info ][gc] GC(110) Pause Full (Allocation Failure) 494M->494M(494M) 656.944ms
[2019-08-26T02:45:45.134+0300][269.259s][info ][gc] GC(111) Pause Full (Allocation Failure) 494M->494M(494M) 660.060ms
[2019-08-26T02:45:45.328+0300][269.453s][info ][gc] GC(112) Pause Initial Mark 494M->494M(494M) 192.991ms
[2019-08-26T02:45:45.328+0300][269.453s][info ][gc] GC(112) Concurrent Mark
[2019-08-26T02:45:50.022+0300][274.146s][debug][gc] GC(112) Concurrent active time: 0.366ms
[2019-08-26T02:45:50.022+0300][274.146s][info ][gc] GC(112) Concurrent Mark 4692.907ms
[2019-08-26T02:45:50.022+0300][274.146s][debug][gc] GC(113) Concurrent mode failure
[2019-08-26T02:45:50.687+0300][274.811s][info ][gc] GC(113) Pause Full (Allocation Failure) 494M->494M(494M) 1031.455ms
[2019-08-26T02:45:51.344+0300][275.468s][info ][gc] GC(114) Pause Full (Allocation Failure) 494M->494M(494M) 657.619ms
[2019-08-26T02:45:51.479+0300][275.603s][info ][gc] GC(115) Pause Full (Allocation Failure) 494M->1M(494M) 134.144ms
